Component: ARM Compiler 5.05 update 1 (build 106) Tool: armlink [4d0efa]

==============================================================================

Section Cross References

    main.o(i.main) refers to usart.o(i.uart_ser_init) for uart_ser_init
    main.o(i.main) refers to misc.o(i.NVIC_PriorityGroupConfig) for NVIC_PriorityGroupConfig
    main.o(i.main) refers to usart_vs.o(i.uart_init) for uart_init
    main.o(i.main) refers to delay.o(i.delay_init) for delay_init
    main.o(i.main) refers to pwm.o(i.PWM_Init) for PWM_Init
    main.o(i.main) refers to servo.o(i.Servo_Init) for Servo_Init
    main.o(i.main) refers to led.o(i.LED_Init) for LED_Init
    main.o(i.main) refers to stm32f4xx_tim.o(i.TIM_SetCompare3) for TIM_SetCompare3
    main.o(i.main) refers to delay.o(i.delay_ms) for delay_ms
    main.o(i.main) refers to servo.o(i.SetServoPosition) for SetServoPosition
    main.o(i.main) refers to mainsubf.o(i.SetId) for SetId
    main.o(i.main) refers to mainsubf.o(i.SetPosVel) for SetPosVel
    main.o(i.main) refers to mainsubf.o(i.SetVel) for SetVel
    main.o(i.main) refers to mainsubf.o(i.Teach) for Teach
    main.o(i.main) refers to mainsubf.o(i.RectMotion) for RectMotion
    main.o(i.main) refers to usart_vs.o(.data) for USART_RX_STA
    main.o(i.main) refers to usart_vs.o(.bss) for USART_RX_BUF
    main.o(i.main) refers to main.o(.data) for id
    system_stm32f4xx.o(i.SystemCoreClockUpdate) refers to system_stm32f4xx.o(.data) for SystemCoreClock
    system_stm32f4xx.o(i.SystemInit) refers to system_stm32f4xx.o(i.SetSysClock) for SetSysClock
    startup_stm32f40_41xxx.o(STACK) refers (Special) to heapauxi.o(.text) for __use_two_region_memory
    startup_stm32f40_41xxx.o(HEAP) refers (Special) to heapauxi.o(.text) for __use_two_region_memory
    startup_stm32f40_41xxx.o(RESET) refers (Special) to heapauxi.o(.text) for __use_two_region_memory
    startup_stm32f40_41xxx.o(RESET) refers to startup_stm32f40_41xxx.o(STACK) for __initial_sp
    startup_stm32f40_41xxx.o(RESET) refers to startup_stm32f40_41xxx.o(.text) for Reset_Handler
    startup_stm32f40_41xxx.o(RESET) refers to stm32f4xx_it.o(i.NMI_Handler) for NMI_Handler
    startup_stm32f40_41xxx.o(RESET) refers to stm32f4xx_it.o(i.HardFault_Handler) for HardFault_Handler
    startup_stm32f40_41xxx.o(RESET) refers to stm32f4xx_it.o(i.MemManage_Handler) for MemManage_Handler
    startup_stm32f40_41xxx.o(RESET) refers to stm32f4xx_it.o(i.BusFault_Handler) for BusFault_Handler
    startup_stm32f40_41xxx.o(RESET) refers to stm32f4xx_it.o(i.UsageFault_Handler) for UsageFault_Handler
    startup_stm32f40_41xxx.o(RESET) refers to stm32f4xx_it.o(i.SVC_Handler) for SVC_Handler
    startup_stm32f40_41xxx.o(RESET) refers to stm32f4xx_it.o(i.DebugMon_Handler) for DebugMon_Handler
    startup_stm32f40_41xxx.o(RESET) refers to stm32f4xx_it.o(i.PendSV_Handler) for PendSV_Handler
    startup_stm32f40_41xxx.o(RESET) refers to stm32f4xx_it.o(i.SysTick_Handler) for SysTick_Handler
    startup_stm32f40_41xxx.o(RESET) refers to usart_vs.o(i.USART1_IRQHandler) for USART1_IRQHandler
    startup_stm32f40_41xxx.o(RESET) refers to usart.o(i.USART3_IRQHandler) for USART3_IRQHandler
    startup_stm32f40_41xxx.o(.text) refers (Special) to heapauxi.o(.text) for __use_two_region_memory
    startup_stm32f40_41xxx.o(.text) refers to system_stm32f4xx.o(i.SystemInit) for SystemInit
    startup_stm32f40_41xxx.o(.text) refers to __main.o(!!!main) for __main
    startup_stm32f40_41xxx.o(.text) refers to startup_stm32f40_41xxx.o(HEAP) for Heap_Mem
    startup_stm32f40_41xxx.o(.text) refers to startup_stm32f40_41xxx.o(STACK) for Stack_Mem
    stm32f4xx_gpio.o(i.GPIO_DeInit) refers to stm32f4xx_rcc.o(i.RCC_AHB1PeriphResetCmd) for RCC_AHB1PeriphResetCmd
    stm32f4xx_pwr.o(i.PWR_DeInit) refers to stm32f4xx_rcc.o(i.RCC_APB1PeriphResetCmd) for RCC_APB1PeriphResetCmd
    stm32f4xx_rcc.o(i.RCC_GetClocksFreq) refers to stm32f4xx_rcc.o(.data) for APBAHBPrescTable
    stm32f4xx_rcc.o(i.RCC_WaitForHSEStartUp) refers to stm32f4xx_rcc.o(i.RCC_GetFlagStatus) for RCC_GetFlagStatus
    stm32f4xx_rtc.o(i.RTC_CoarseCalibCmd) refers to stm32f4xx_rtc.o(i.RTC_EnterInitMode) for RTC_EnterInitMode
    stm32f4xx_rtc.o(i.RTC_CoarseCalibCmd) refers to stm32f4xx_rtc.o(i.RTC_ExitInitMode) for RTC_ExitInitMode
    stm32f4xx_rtc.o(i.RTC_CoarseCalibConfig) refers to stm32f4xx_rtc.o(i.RTC_EnterInitMode) for RTC_EnterInitMode
    stm32f4xx_rtc.o(i.RTC_CoarseCalibConfig) refers to stm32f4xx_rtc.o(i.RTC_ExitInitMode) for RTC_ExitInitMode
    stm32f4xx_rtc.o(i.RTC_DeInit) refers to stm32f4xx_rtc.o(i.RTC_EnterInitMode) for RTC_EnterInitMode
    stm32f4xx_rtc.o(i.RTC_DeInit) refers to stm32f4xx_rtc.o(i.RTC_WaitForSynchro) for RTC_WaitForSynchro
    stm32f4xx_rtc.o(i.RTC_GetAlarm) refers to stm32f4xx_rtc.o(i.RTC_Bcd2ToByte) for RTC_Bcd2ToByte
    stm32f4xx_rtc.o(i.RTC_GetDate) refers to stm32f4xx_rtc.o(i.RTC_Bcd2ToByte) for RTC_Bcd2ToByte
[...]
    ../clib/angel/sysapp.c                   0x00000000   Number         0  sys_wrch.o ABSOLUTE
    ../clib/angel/sysapp.c                   0x00000000   Number         0  sys_command.o ABSOLUTE
    ../clib/armsys.c                         0x00000000   Number         0  _get_argv_nomalloc.o ABSOLUTE
    ../clib/armsys.c                         0x00000000   Number         0  argv_veneer.o ABSOLUTE
    ../clib/armsys.c                         0x00000000   Number         0  argv_veneer.o ABSOLUTE
    ../clib/armsys.c                         0x00000000   Number         0  no_argv.o ABSOLUTE
    ../clib/fenv.c                           0x00000000   Number         0  _rserrno.o ABSOLUTE
    ../clib/heapalloc.c                      0x00000000   Number         0  hrguard.o ABSOLUTE
    ../clib/heapaux.c                        0x00000000   Number         0  heapauxi.o ABSOLUTE
    ../clib/libinit.s                        0x00000000   Number         0  libinit2.o ABSOLUTE
    ../clib/libinit.s                        0x00000000   Number         0  libinit.o ABSOLUTE
    ../clib/libinit.s                        0x00000000   Number         0  libshutdown.o ABSOLUTE
    ../clib/libinit.s                        0x00000000   Number         0  libshutdown2.o ABSOLUTE
    ../clib/memcpset.s                       0x00000000   Number         0  rt_memcpy_w.o ABSOLUTE
    ../clib/signal.c                         0x00000000   Number         0  defsig_abrt_inner.o ABSOLUTE
    ../clib/signal.c                         0x00000000   Number         0  defsig_general.o ABSOLUTE
    ../clib/signal.c                         0x00000000   Number         0  defsig_rtmem_inner.o ABSOLUTE
    ../clib/signal.c                         0x00000000   Number         0  defsig_exit.o ABSOLUTE
    ../clib/signal.c                         0x00000000   Number         0  defsig_rtmem_formal.o ABSOLUTE
    ../clib/signal.c                         0x00000000   Number         0  defsig_rtmem_outer.o ABSOLUTE
    ../clib/signal.c                         0x00000000   Number         0  defsig_other.o ABSOLUTE
    ../clib/signal.c                         0x00000000   Number         0  __raise.o ABSOLUTE
    ../clib/signal.c                         0x00000000   Number         0  defsig_segv_inner.o ABSOLUTE
    ../clib/signal.c                         0x00000000   Number         0  defsig_cppl_inner.o ABSOLUTE
    ../clib/signal.c                         0x00000000   Number         0  defsig_pvfn_inner.o ABSOLUTE
    ../clib/signal.c                         0x00000000   Number         0  defsig_stak_inner.o ABSOLUTE
    ../clib/signal.c                         0x00000000   Number         0  defsig_rtred_inner.o ABSOLUTE
    ../clib/signal.c                         0x00000000   Number         0  defsig_fpe_inner.o ABSOLUTE
    ../clib/signal.s                         0x00000000   Number         0  defsig.o ABSOLUTE
    ../clib/stdlib.c                         0x00000000   Number         0  exit.o ABSOLUTE
    ../fplib/basic.s                         0x00000000   Number         0  basic.o ABSOLUTE
    ../fplib/daddsub.s                       0x00000000   Number         0  daddsub_clz.o ABSOLUTE
    ../fplib/dcheck1.s                       0x00000000   Number         0  dcheck1.o ABSOLUTE
    ../fplib/dcmpi.s                         0x00000000   Number         0  dcmpi.o ABSOLUTE
    ../fplib/ddiv.s                          0x00000000   Number         0  ddiv.o ABSOLUTE
    ../fplib/deqf.s                          0x00000000   Number         0  deqf.o ABSOLUTE
    ../fplib/dfix.s                          0x00000000   Number         0  dfix.o ABSOLUTE
    ../fplib/dfixu.s                         0x00000000   Number         0  dfixu.o ABSOLUTE
    ../fplib/dflt.s                          0x00000000   Number         0  dflt_clz.o ABSOLUTE
    ../fplib/dleqf.s                         0x00000000   Number         0  dleqf.o ABSOLUTE
    ../fplib/dmul.s                          0x00000000   Number         0  dmul.o ABSOLUTE
    ../fplib/dnaninf.s                       0x00000000   Number         0  dnaninf.o ABSOLUTE
    ../fplib/dretinf.s                       0x00000000   Number         0  dretinf.o ABSOLUTE
    ../fplib/drleqf.s                        0x00000000   Number         0  drleqf.o ABSOLUTE
    ../fplib/dsqrt.s                         0x00000000   Number         0  dsqrt_umaal.o ABSOLUTE
    ../fplib/fpinit.s                        0x00000000   Number         0  fpinit.o ABSOLUTE
    ../fplib/retnan.s                        0x00000000   Number         0  retnan.o ABSOLUTE
    ../fplib/scalbn.s                        0x00000000   Number         0  scalbn.o ABSOLUTE
    ../fplib/trapv.s                         0x00000000   Number         0  trapv.o ABSOLUTE
    ../fplib/usenofp.s                       0x00000000   Number         0  usenofp.o ABSOLUTE
    ../mathlib/atan.c                        0x00000000   Number         0  atan.o ABSOLUTE
    ../mathlib/atan.c                        0x00000000   Number         0  atan_x.o ABSOLUTE
    ../mathlib/atan2.c                       0x00000000   Number         0  atan2.o ABSOLUTE
    ../mathlib/atan2.c                       0x00000000   Number         0  atan2_x.o ABSOLUTE
    ../mathlib/cos.c                         0x00000000   Number         0  cos.o ABSOLUTE
    ../mathlib/cos.c                         0x00000000   Number         0  cos_x.o ABSOLUTE
    ../mathlib/cos_i.c                       0x00000000   Number         0  cos_i.o ABSOLUTE
    ../mathlib/dunder.c                      0x00000000   Number         0  dunder.o ABSOLUTE
    ../mathlib/fabs.c                        0x00000000   Number         0  fabs.o ABSOLUTE
    ../mathlib/fpclassify.c                  0x00000000   Number         0  fpclassify.o ABSOLUTE
    ../mathlib/poly.c                        0x00000000   Number         0  poly.o ABSOLUTE
    ../mathlib/pow.c                         0x00000000   Number         0  pow.o ABSOLUTE
    ../mathlib/pow.c                         0x00000000   Number         0  pow_x.o ABSOLUTE
    ../mathlib/qnan.c                        0x00000000   Number         0  qnan.o ABSOLUTE
    ../mathlib/rred.c                        0x00000000   Number         0  rred.o ABSOLUTE
    ../mathlib/sin.c                         0x00000000   Number         0  sin_x.o ABSOLUTE
    ../mathlib/sin.c                         0x00000000   Number         0  sin.o ABSOLUTE
    ../mathlib/sin_i.c                       0x00000000   Number         0  sin_i_x.o ABSOLUTE
    ../mathlib/sin_i.c                       0x00000000   Number         0  sin_i.o ABSOLUTE
    ../mathlib/sqrt.c                        0x00000000   Number         0  sqrt_x.o ABSOLUTE
    ../mathlib/sqrt.c                        0x00000000   Number         0  sqrt.o ABSOLUTE
    ..\CORE\startup_stm32f40_41xxx.s         0x00000000   Number         0  startup_stm32f40_41xxx.o ABSOLUTE
    ..\FWLIB\src\misc.c                      0x00000000   Number         0  misc.o ABSOLUTE
    ..\FWLIB\src\stm32f4xx_exti.c            0x00000000   Number         0  stm32f4xx_exti.o ABSOLUTE
    ..\FWLIB\src\stm32f4xx_gpio.c            0x00000000   Number         0  stm32f4xx_gpio.o ABSOLUTE
    ..\FWLIB\src\stm32f4xx_pwr.c             0x00000000   Number         0  stm32f4xx_pwr.o ABSOLUTE
    ..\FWLIB\src\stm32f4xx_rcc.c             0x00000000   Number         0  stm32f4xx_rcc.o ABSOLUTE
    ..\FWLIB\src\stm32f4xx_rtc.c             0x00000000   Number         0  stm32f4xx_rtc.o ABSOLUTE
    ..\FWLIB\src\stm32f4xx_syscfg.c          0x00000000   Number         0  stm32f4xx_syscfg.o ABSOLUTE
    ..\FWLIB\src\stm32f4xx_tim.c             0x00000000   Number         0  stm32f4xx_tim.o ABSOLUTE
    ..\FWLIB\src\stm32f4xx_usart.c           0x00000000   Number         0  stm32f4xx_usart.o ABSOLUTE
    ..\HARDWARE\led\led.c                    0x00000000   Number         0  led.o ABSOLUTE
    ..\HARDWARE\mainsubf\mainsubf.c          0x00000000   Number         0  mainsubf.o ABSOLUTE
    ..\HARDWARE\pwm\pwm.c                    0x00000000   Number         0  pwm.o ABSOLUTE
    ..\HARDWARE\servo\servo.c                0x00000000   Number         0  servo.o ABSOLUTE
    ..\HARDWARE\trigono\trigono.c            0x00000000   Number         0  trigono.o ABSOLUTE
    ..\HARDWARE\usart\usart.c                0x00000000   Number         0  usart.o ABSOLUTE
    ..\HARDWARE\usart_vs\usart_vs.c          0x00000000   Number         0  usart_vs.o ABSOLUTE
    ..\SYSTEM\delay\delay.c                  0x00000000   Number         0  delay.o ABSOLUTE
    ..\SYSTEM\sys\sys.c                      0x00000000   Number         0  sys.o ABSOLUTE
    ..\\FWLIB\\src\\misc.c                   0x00000000   Number         0  misc.o ABSOLUTE
    ..\\FWLIB\\src\\stm32f4xx_exti.c         0x00000000   Number         0  stm32f4xx_exti.o ABSOLUTE
    ..\\FWLIB\\src\\stm32f4xx_gpio.c         0x00000000   Number         0  stm32f4xx_gpio.o ABSOLUTE
    ..\\FWLIB\\src\\stm32f4xx_pwr.c          0x00000000   Number         0  stm32f4xx_pwr.o ABSOLUTE
    ..\\FWLIB\\src\\stm32f4xx_rcc.c          0x00000000   Number         0  stm32f4xx_rcc.o ABSOLUTE
    ..\\FWLIB\\src\\stm32f4xx_rtc.c          0x00000000   Number         0  stm32f4xx_rtc.o ABSOLUTE
    ..\\FWLIB\\src\\stm32f4xx_syscfg.c       0x00000000   Number         0  stm32f4xx_syscfg.o ABSOLUTE
    ..\\FWLIB\\src\\stm32f4xx_tim.c          0x00000000   Number         0  stm32f4xx_tim.o ABSOLUTE
    ..\\FWLIB\\src\\stm32f4xx_usart.c        0x00000000   Number         0  stm32f4xx_usart.o ABSOLUTE
    ..\\HARDWARE\\led\\led.c                 0x00000000   Number         0  led.o ABSOLUTE
    ..\\HARDWARE\\mainsubf\\mainsubf.c       0x00000000   Number         0  mainsubf.o ABSOLUTE
    ..\\HARDWARE\\pwm\\pwm.c                 0x00000000   Number         0  pwm.o ABSOLUTE
    ..\\HARDWARE\\servo\\servo.c             0x00000000   Number         0  servo.o ABSOLUTE
    ..\\HARDWARE\\trigono\\trigono.c         0x00000000   Number         0  trigono.o ABSOLUTE
    ..\\HARDWARE\\usart\\usart.c             0x00000000   Number         0  usart.o ABSOLUTE
    ..\\HARDWARE\\usart_vs\\usart_vs.c       0x00000000   Number         0  usart_vs.o ABSOLUTE
    ..\\SYSTEM\\delay\\delay.c               0x00000000   Number         0  delay.o ABSOLUTE
    ..\\SYSTEM\\sys\\sys.c                   0x00000000   Number         0  sys.o ABSOLUTE
    dc.s                                     0x00000000   Number         0  dc.o ABSOLUTE
    main.c                                   0x00000000   Number         0  main.o ABSOLUTE
    main.c                                   0x00000000   Number         0  main.o ABSOLUTE
    stm32f4xx_it.c                           0x00000000   Number         0  stm32f4xx_it.o ABSOLUTE
    stm32f4xx_it.c                           0x00000000   Number         0  stm32f4xx_it.o ABSOLUTE
    system_stm32f4xx.c                       0x00000000   Number         0  system_stm32f4xx.o ABSOLUTE
    system_stm32f4xx.c                       0x00000000   Number         0  system_stm32f4xx.o ABSOLUTE
    RESET                                    0x08000000   Section      392  startup_stm32f40_41xxx.o(RESET)
    !!!main                                  0x08000188   Section        8  __main.o(!!!main)
    !!!scatter                               0x08000190   Section       52  __scatter.o(!!!scatter)
    !!handler_copy                           0x080001c4   Section       26  __scatter_copy.o(!!handler_copy)
    !!handler_zi                             0x080001e0   Section       28  __scatter_zi.o(!!handler_zi)
    .ARM.Collect$$libinit$$00000000          0x080001fc   Section        2  libinit.o(.ARM.Collect$$libinit$$00000000)
    .ARM.Collect$$libinit$$00000001          0x080001fe   Section        4  libinit2.o(.ARM.Collect$$libinit$$00000001)
    .ARM.Collect$$libinit$$00000004          0x08000202   Section        0  libinit2.o(.ARM.Collect$$libinit$$00000004)
    .ARM.Collect$$libinit$$0000000A          0x08000202   Section        0  libinit2.o(.ARM.Collect$$libinit$$0000000A)
    .ARM.Collect$$libinit$$0000000C          0x08000202   Section        0  libinit2.o(.ARM.Collect$$libinit$$0000000C)
    .ARM.Collect$$libinit$$0000000E          0x08000202   Section        0  libinit2.o(.ARM.Collect$$libinit$$0000000E)
    .ARM.Collect$$libinit$$00000011          0x08000202   Section        0  libinit2.o(.ARM.Collect$$libinit$$00000011)
    .ARM.Collect$$libinit$$00000013          0x08000202   Section        0  libinit2.o(.ARM.Collect$$libinit$$00000013)
    .ARM.Collect$$libinit$$00000015          0x08000202   Section        0  libinit2.o(.ARM.Collect$$libinit$$00000015)
    .ARM.Collect$$libinit$$00000017          0x08000202   Section        0  libinit2.o(.ARM.Collect$$libinit$$00000017)
    .ARM.Collect$$libinit$$00000019          0x08000202   Section        0  libinit2.o(.ARM.Collect$$libinit$$00000019)
    .ARM.Collect$$libinit$$0000001B          0x08000202   Section        0  libinit2.o(.ARM.Collect$$libinit$$0000001B)
    .ARM.Collect$$libinit$$0000001D          0x08000202   Section        0  libinit2.o(.ARM.Collect$$libinit$$0000001D)
    .ARM.Collect$$libinit$$0000001F          0x08000202   Section        0  libinit2.o(.ARM.Collect$$libinit$$0000001F)
    .ARM.Collect$$libinit$$00000021          0x08000202   Section        0  libinit2.o(.ARM.Collect$$libinit$$00000021)
    .ARM.Collect$$libinit$$00000023          0x08000202   Section        0  libinit2.o(.ARM.Collect$$libinit$$00000023)
    .ARM.Collect$$libinit$$00000025          0x08000202   Section        0  libinit2.o(.ARM.Collect$$libinit$$00000025)
    .ARM.Collect$$libinit$$0000002C          0x08000202   Section        0  libinit2.o(.ARM.Collect$$libinit$$0000002C)
    .ARM.Collect$$libinit$$0000002E          0x08000202   Section        0  libinit2.o(.ARM.Collect$$libinit$$0000002E)
    .ARM.Collect$$libinit$$00000030          0x08000202   Section        0  libinit2.o(.ARM.Collect$$libinit$$00000030)
    .ARM.Collect$$libinit$$00000032          0x08000202   Section        0  libinit2.o(.ARM.Collect$$libinit$$00000032)
    .ARM.Collect$$libinit$$00000033          0x08000202   Section        2  libinit2.o(.ARM.Collect$$libinit$$00000033)
    .ARM.Collect$$libshutdown$$00000000      0x08000204   Section        2  libshutdown.o(.ARM.Collect$$libshutdown$$00000000)
    .ARM.Collect$$libshutdown$$00000003      0x08000206   Section        0  libshutdown2.o(.ARM.Collect$$libshutdown$$00000003)
    .ARM.Collect$$libshutdown$$00000006      0x08000206   Section        0  libshutdown2.o(.ARM.Collect$$libshutdown$$00000006)
    .ARM.Collect$$libshutdown$$00000009      0x08000206   Section        0  libshutdown2.o(.ARM.Collect$$libshutdown$$00000009)
    .ARM.Collect$$libshutdown$$0000000B      0x08000206   Section        0  libshutdown2.o(.ARM.Collect$$libshutdown$$0000000B)
    .ARM.Collect$$libshutdown$$0000000E      0x08000206   Section        0  libshutdown2.o(.ARM.Collect$$libshutdown$$0000000E)
    .ARM.Collect$$libshutdown$$0000000F      0x08000206   Section        2  libshutdown2.o(.ARM.Collect$$libshutdown$$0000000F)
    .ARM.Collect$$rtentry$$00000000          0x08000208   Section        0  __rtentry.o(.ARM.Collect$$rtentry$$00000000)
    .ARM.Collect$$rtentry$$00000002          0x08000208   Section        0  __rtentry2.o(.ARM.Collect$$rtentry$$00000002)
    .ARM.Collect$$rtentry$$00000004          0x08000208   Section        6  __rtentry4.o(.ARM.Collect$$rtentry$$00000004)
    .ARM.Collect$$rtentry$$00000009          0x0800020e   Section        0  __rtentry2.o(.ARM.Collect$$rtentry$$00000009)
    .ARM.Collect$$rtentry$$0000000A          0x0800020e   Section        4  __rtentry2.o(.ARM.Collect$$rtentry$$0000000A)
    .ARM.Collect$$rtentry$$0000000C          0x08000212   Section        0  __rtentry2.o(.ARM.Collect$$rtentry$$0000000C)
    .ARM.Collect$$rtentry$$0000000D          0x08000212   Section        8  __rtentry2.o(.ARM.Collect$$rtentry$$0000000D)
    .ARM.Collect$$rtexit$$00000000           0x0800021a   Section        2  rtexit.o(.ARM.Collect$$rtexit$$00000000)
    .ARM.Collect$$rtexit$$00000002           0x0800021c   Section        0  rtexit2.o(.ARM.Collect$$rtexit$$00000002)
    .ARM.Collect$$rtexit$$00000003           0x0800021c   Section        4  rtexit2.o(.ARM.Collect$$rtexit$$00000003)
    .ARM.Collect$$rtexit$$00000004           0x08000220   Section        6  rtexit2.o(.ARM.Collect$$rtexit$$00000004)
    .text                                    0x08000228   Section       64  startup_stm32f40_41xxx.o(.text)
    $v0                                      0x08000228   Number         0  startup_stm32f40_41xxx.o(.text)
    .text                                    0x08000268   Section        2  use_no_semi_2.o(.text)
    .text                                    0x0800026a   Section      100  rt_memcpy_w.o(.text)
    .text                                    0x080002ce   Section        0  heapauxi.o(.text)
    .text                                    0x080002d4   Section        2  use_no_semi.o(.text)
    .text                                    0x080002d6   Section        0  _rserrno.o(.text)
    .text                                    0x080002ec   Section        8  rt_errno_addr_intlibspace.o(.text)
    .text                                    0x080002f4   Section        8  libspace.o(.text)
    .text                                    0x080002fc   Section       74  sys_stackheap_outer.o(.text)
    .text                                    0x08000346   Section        0  exit.o(.text)
    i.BusFault_Handler                       0x08000352   Section        0  stm32f4xx_it.o(i.BusFault_Handler)
    i.DebugMon_Handler                       0x08000356   Section        0  stm32f4xx_it.o(i.DebugMon_Handler)
    i.GPIO_Init                              0x08000358   Section        0  stm32f4xx_gpio.o(i.GPIO_Init)
    i.GPIO_PinAFConfig                       0x080003e8   Section        0  stm32f4xx_gpio.o(i.GPIO_PinAFConfig)
    i.GPIO_ResetBits                         0x0800042e   Section        0  stm32f4xx_gpio.o(i.GPIO_ResetBits)
    i.GPIO_SetBits                           0x08000432   Section        0  stm32f4xx_gpio.o(i.GPIO_SetBits)
    i.HardFault_Handler                      0x08000436   Section        0  stm32f4xx_it.o(i.HardFault_Handler)
    i.LED_Init                               0x0800043c   Section        0  led.o(i.LED_Init)
    i.MemManage_Handler                      0x0800047c   Section        0  stm32f4xx_it.o(i.MemManage_Handler)
    i.NMI_Handler                            0x08000480   Section        0  stm32f4xx_it.o(i.NMI_Handler)
    i.NVIC_Init                              0x08000484   Section        0  misc.o(i.NVIC_Init)
    i.NVIC_PriorityGroupConfig               0x080004fc   Section        0  misc.o(i.NVIC_PriorityGroupConfig)
    i.PWM_Init                               0x08000510   Section        0  pwm.o(i.PWM_Init)
    i.PendSV_Handler                         0x080005b0   Section        0  stm32f4xx_it.o(i.PendSV_Handler)
    i.RCC_AHB1PeriphClockCmd                 0x080005b4   Section        0  stm32f4xx_rcc.o(i.RCC_AHB1PeriphClockCmd)
    i.RCC_APB1PeriphClockCmd                 0x080005d4   Section        0  stm32f4xx_rcc.o(i.RCC_APB1PeriphClockCmd)
    i.RCC_APB2PeriphClockCmd                 0x080005f4   Section        0  stm32f4xx_rcc.o(i.RCC_APB2PeriphClockCmd)
    i.RCC_GetClocksFreq                      0x08000614   Section        0  stm32f4xx_rcc.o(i.RCC_GetClocksFreq)
    i.ReadServoPositionVelocity              0x080006fc   Section        0  servo.o(i.ReadServoPositionVelocity)
    i.RectMotion                             0x08000768   Section        0  mainsubf.o(i.RectMotion)
    i.SVC_Handler                            0x08004b2c   Section        0  stm32f4xx_it.o(i.SVC_Handler)
    i.SendServoByte                          0x08004b30   Section        0  servo.o(i.SendServoByte)
    i.Servo_Init                             0x08004b50   Section        0  servo.o(i.Servo_Init)
    i.SetId                                  0x08004c60   Section        0  mainsubf.o(i.SetId)
    i.SetPosVel                              0x08004c78   Section        0  mainsubf.o(i.SetPosVel)
    i.SetServoId                             0x08004dc8   Section        0  servo.o(i.SetServoId)
    i.SetServoPosition                       0x08004e34   Section        0  servo.o(i.SetServoPosition)
    i.SetServoVelocity                       0x08004f08   Section        0  servo.o(i.SetServoVelocity)
    i.SetSysClock                            0x08004fc0   Section        0  system_stm32f4xx.o(i.SetSysClock)
    SetSysClock                              0x08004fc1   Thumb Code   220  system_stm32f4xx.o(i.SetSysClock)
    i.SetVel                                 0x080050ac   Section        0  mainsubf.o(i.SetVel)
    i.SyncSetServoPosition                   0x080050f0   Section        0  servo.o(i.SyncSetServoPosition)
    i.SysTick_CLKSourceConfig                0x080054a4   Section        0  misc.o(i.SysTick_CLKSourceConfig)
    i.SysTick_Handler                        0x080054cc   Section        0  stm32f4xx_it.o(i.SysTick_Handler)
    i.SystemInit                             0x080054d0   Section        0  system_stm32f4xx.o(i.SystemInit)
    i.TIM_ARRPreloadConfig                   0x08005538   Section        0  stm32f4xx_tim.o(i.TIM_ARRPreloadConfig)
    i.TIM_Cmd                                0x08005550   Section        0  stm32f4xx_tim.o(i.TIM_Cmd)
    i.TIM_OC3Init                            0x08005568   Section        0  stm32f4xx_tim.o(i.TIM_OC3Init)
    i.TIM_OC3PreloadConfig                   0x08005608   Section        0  stm32f4xx_tim.o(i.TIM_OC3PreloadConfig)
    i.TIM_SetCompare3                        0x0800561a   Section        0  stm32f4xx_tim.o(i.TIM_SetCompare3)
    i.TIM_TimeBaseInit                       0x08005620   Section        0  stm32f4xx_tim.o(i.TIM_TimeBaseInit)
    i.Teach                                  0x080056a4   Section        0  mainsubf.o(i.Teach)
    i.USART1_IRQHandler                      0x08005d98   Section        0  usart_vs.o(i.USART1_IRQHandler)
    i.USART3_IRQHandler                      0x08005e20   Section        0  usart.o(i.USART3_IRQHandler)
    i.USART_Cmd                              0x08005e68   Section        0  stm32f4xx_usart.o(i.USART_Cmd)
    i.USART_GetFlagStatus                    0x08005e80   Section        0  stm32f4xx_usart.o(i.USART_GetFlagStatus)
    i.USART_GetITStatus                      0x08005e9a   Section        0  stm32f4xx_usart.o(i.USART_GetITStatus)
    i.USART_ITConfig                         0x08005eee   Section        0  stm32f4xx_usart.o(i.USART_ITConfig)
    i.USART_Init                             0x08005f38   Section        0  stm32f4xx_usart.o(i.USART_Init)
    i.USART_ReceiveData                      0x0800600c   Section        0  stm32f4xx_usart.o(i.USART_ReceiveData)
    i.USART_SendData                         0x08006016   Section        0  stm32f4xx_usart.o(i.USART_SendData)
    i.UsageFault_Handler                     0x0800601e   Section        0  stm32f4xx_it.o(i.UsageFault_Handler)
    i.__ARM_fpclassify                       0x08006022   Section        0  fpclassify.o(i.__ARM_fpclassify)
    i.__hardfp_atan                          0x08006058   Section        0  atan.o(i.__hardfp_atan)
    i.__hardfp_atan2                         0x08006330   Section        0  atan2.o(i.__hardfp_atan2)
    i.__hardfp_cos                           0x08006520   Section        0  cos.o(i.__hardfp_cos)
    i.__hardfp_fabs                          0x080065e8   Section        0  fabs.o(i.__hardfp_fabs)
    i.__hardfp_pow                           0x08006600   Section        0  pow.o(i.__hardfp_pow)
    i.__hardfp_sin                           0x08007238   Section        0  sin.o(i.__hardfp_sin)
    i.__hardfp_sqrt                          0x08007300   Section        0  sqrt.o(i.__hardfp_sqrt)
    i.__ieee754_rem_pio2                     0x08007380   Section        0  rred.o(i.__ieee754_rem_pio2)
    i.__kernel_cos                           0x080077b8   Section        0  cos_i.o(i.__kernel_cos)
    i.__kernel_poly                          0x08007928   Section        0  poly.o(i.__kernel_poly)
    i.__kernel_sin                           0x08007a20   Section        0  sin_i.o(i.__kernel_sin)
    i.__mathlib_dbl_divzero                  0x08007b50   Section        0  dunder.o(i.__mathlib_dbl_divzero)
    i.__mathlib_dbl_infnan                   0x08007b80   Section        0  dunder.o(i.__mathlib_dbl_infnan)
    i.__mathlib_dbl_infnan2                  0x08007b94   Section        0  dunder.o(i.__mathlib_dbl_infnan2)
    i.__mathlib_dbl_invalid                  0x08007ba8   Section        0  dunder.o(i.__mathlib_dbl_invalid)
    i.__mathlib_dbl_overflow                 0x08007bc8   Section        0  dunder.o(i.__mathlib_dbl_overflow)
    i.__mathlib_dbl_underflow                0x08007be8   Section        0  dunder.o(i.__mathlib_dbl_underflow)
    i._sys_exit                              0x08007c08   Section        0  usart_vs.o(i._sys_exit)
    i.atan                                   0x08007c0e   Section        0  atan.o(i.atan)
    i.delay_init                             0x08007c20   Section        0  delay.o(i.delay_init)
    i.delay_ms                               0x08007c5c   Section        0  delay.o(i.delay_ms)
    i.delay_us                               0x08007c94   Section        0  delay.o(i.delay_us)
    i.delay_xms                              0x08007ce0   Section        0  delay.o(i.delay_xms)
    i.fabs                                   0x08007d2c   Section        0  fabs.o(i.fabs)
    i.main                                   0x08007d44   Section        0  main.o(i.main)
    i.sqrt                                   0x08007ed0   Section        0  sqrt.o(i.sqrt)
    i.uart_init                              0x08007f40   Section        0  usart_vs.o(i.uart_init)
    i.uart_ser_init                          0x08007fec   Section        0  usart.o(i.uart_ser_init)
    x$fpl$basic                              0x08008098   Section       24  basic.o(x$fpl$basic)
    $v0                                      0x08008098   Number         0  basic.o(x$fpl$basic)
    x$fpl$dadd                               0x080080b0   Section      336  daddsub_clz.o(x$fpl$dadd)
    $v0                                      0x080080b0   Number         0  daddsub_clz.o(x$fpl$dadd)
    _dadd1                                   0x080080c1   Thumb Code     0  daddsub_clz.o(x$fpl$dadd)
    x$fpl$dcheck1                            0x08008200   Section       16  dcheck1.o(x$fpl$dcheck1)
    $v0                                      0x08008200   Number         0  dcheck1.o(x$fpl$dcheck1)
    x$fpl$dcmpinf                            0x08008210   Section       24  dcmpi.o(x$fpl$dcmpinf)
    $v0                                      0x08008210   Number         0  dcmpi.o(x$fpl$dcmpinf)
    x$fpl$ddiv                               0x08008228   Section      688  ddiv.o(x$fpl$ddiv)
    $v0                                      0x08008228   Number         0  ddiv.o(x$fpl$ddiv)
    ddiv_entry                               0x0800822f   Thumb Code     0  ddiv.o(x$fpl$ddiv)
    x$fpl$deqf                               0x080084d8   Section      120  deqf.o(x$fpl$deqf)
    $v0                                      0x080084d8   Number         0  deqf.o(x$fpl$deqf)
    x$fpl$dfix                               0x08008550   Section       94  dfix.o(x$fpl$dfix)
    $v0                                      0x08008550   Number         0  dfix.o(x$fpl$dfix)
    x$fpl$dfixu                              0x080085b0   Section       90  dfixu.o(x$fpl$dfixu)
    $v0                                      0x080085b0   Number         0  dfixu.o(x$fpl$dfixu)
    x$fpl$dflt                               0x0800860a   Section       46  dflt_clz.o(x$fpl$dflt)
    $v0                                      0x0800860a   Number         0  dflt_clz.o(x$fpl$dflt)
    x$fpl$dfltu                              0x08008638   Section       38  dflt_clz.o(x$fpl$dfltu)
    $v0                                      0x08008638   Number         0  dflt_clz.o(x$fpl$dfltu)
    x$fpl$dleqf                              0x08008660   Section      120  dleqf.o(x$fpl$dleqf)
    $v0                                      0x08008660   Number         0  dleqf.o(x$fpl$dleqf)
    x$fpl$dmul                               0x080086d8   Section      340  dmul.o(x$fpl$dmul)
    $v0                                      0x080086d8   Number         0  dmul.o(x$fpl$dmul)
    x$fpl$dnaninf                            0x0800882c   Section      156  dnaninf.o(x$fpl$dnaninf)
    $v0                                      0x0800882c   Number         0  dnaninf.o(x$fpl$dnaninf)
    x$fpl$dretinf                            0x080088c8   Section       12  dretinf.o(x$fpl$dretinf)
    $v0                                      0x080088c8   Number         0  dretinf.o(x$fpl$dretinf)
    x$fpl$drleqf                             0x080088d4   Section      108  drleqf.o(x$fpl$drleqf)
    $v0                                      0x080088d4   Number         0  drleqf.o(x$fpl$drleqf)
    x$fpl$drsb                               0x08008940   Section       22  daddsub_clz.o(x$fpl$drsb)
    $v0                                      0x08008940   Number         0  daddsub_clz.o(x$fpl$drsb)
    x$fpl$dsqrt                              0x08008958   Section      408  dsqrt_umaal.o(x$fpl$dsqrt)
    $v0                                      0x08008958   Number         0  dsqrt_umaal.o(x$fpl$dsqrt)
    x$fpl$dsub                               0x08008af0   Section      468  daddsub_clz.o(x$fpl$dsub)
    $v0                                      0x08008af0   Number         0  daddsub_clz.o(x$fpl$dsub)
    _dsub1                                   0x08008b01   Thumb Code     0  daddsub_clz.o(x$fpl$dsub)
    x$fpl$fpinit                             0x08008cc4   Section       10  fpinit.o(x$fpl$fpinit)
    $v0                                      0x08008cc4   Number         0  fpinit.o(x$fpl$fpinit)
    x$fpl$retnan                             0x08008cce   Section      100  retnan.o(x$fpl$retnan)
    $v0                                      0x08008cce   Number         0  retnan.o(x$fpl$retnan)
    x$fpl$scalbn                             0x08008d32   Section       92  scalbn.o(x$fpl$scalbn)
    $v0                                      0x08008d32   Number         0  scalbn.o(x$fpl$scalbn)
    x$fpl$trapveneer                         0x08008d8e   Section       48  trapv.o(x$fpl$trapveneer)
    $v0                                      0x08008d8e   Number         0  trapv.o(x$fpl$trapveneer)
    x$fpl$usenofp                            0x08008dbe   Section        0  usenofp.o(x$fpl$usenofp)
    .constdata                               0x08008dc0   Section      768  mainsubf.o(.constdata)
    .constdata                               0x080090c0   Section      136  pow.o(.constdata)
    bp                                       0x080090c0   Data          16  pow.o(.constdata)
    dp_h                                     0x080090d0   Data          16  pow.o(.constdata)
    dp_l                                     0x080090e0   Data          16  pow.o(.constdata)
    L                                        0x080090f0   Data          48  pow.o(.constdata)
    P                                        0x08009120   Data          40  pow.o(.constdata)
    .constdata                               0x08009148   Section      152  atan.o(.constdata)
    atanhi                                   0x08009148   Data          32  atan.o(.constdata)
    atanlo                                   0x08009168   Data          32  atan.o(.constdata)
    aTodd                                    0x08009188   Data          40  atan.o(.constdata)
    aTeven                                   0x080091b0   Data          48  atan.o(.constdata)
    .constdata                               0x080091e0   Section       48  cos_i.o(.constdata)
    C                                        0x080091e0   Data          48  cos_i.o(.constdata)
    .constdata                               0x08009210   Section        8  qnan.o(.constdata)
    .constdata                               0x08009218   Section      200  rred.o(.constdata)
    pio2s                                    0x08009218   Data          48  rred.o(.constdata)
    twooverpi                                0x08009248   Data         152  rred.o(.constdata)
    .constdata                               0x080092e0   Section       40  sin_i.o(.constdata)
    S                                        0x080092e0   Data          40  sin_i.o(.constdata)
    .data                                    0x20000000   Section       12  main.o(.data)
    .data                                    0x2000000c   Section       16  stm32f4xx_rcc.o(.data)
    APBAHBPrescTable                         0x2000000c   Data          16  stm32f4xx_rcc.o(.data)
    .data                                    0x2000001c   Section        4  delay.o(.data)
    fac_us                                   0x2000001c   Data           1  delay.o(.data)
    fac_ms                                   0x2000001e   Data           2  delay.o(.data)
    .data                                    0x20000020   Section        6  usart.o(.data)
    .data                                    0x20000028   Section        6  usart_vs.o(.data)
    .bss                                     0x20000030   Section      560  main.o(.bss)
    .bss                                     0x20000260   Section       10  usart.o(.bss)
    .bss                                     0x2000026a   Section      200  usart_vs.o(.bss)
    .bss                                     0x20000334   Section       96  libspace.o(.bss)
    HEAP                                     0x20000398   Section      512  startup_stm32f40_41xxx.o(HEAP)
    Heap_Mem                                 0x20000398   Data         512  startup_stm32f40_41xxx.o(HEAP)
    STACK                                    0x20000598   Section     1024  startup_stm32f40_41xxx.o(STACK)
    Stack_Mem                                0x20000598   Data        1024  startup_stm32f40_41xxx.o(STACK)
    __initial_sp                             0x20000998   Data           0  startup_stm32f40_41xxx.o(STACK)

    Global Symbols

    Symbol Name                              Value     Ov Type        Size  Object(Section)

    BuildAttributes$$THM_ISAv4$E$P$D$K$B$S$7EM$VFPi3$EXTD16$VFPS$VFMA$PE$A:L22UL41UL21$X:L11$S22US41US21$IEEE1$IW$USESV6$~STKCKD$USESV7$~SHL$OTIME$ROPI$IEEEX$EBA8$UX$STANDARDLIB$REQ8$PRES8$EABIv2 0x00000000   Number         0  anon$$obj.o ABSOLUTE
    __ARM_use_no_argv                        0x00000000   Number         0  main.o ABSOLUTE
    __ARM_exceptions_init                     - Undefined Weak Reference
    __alloca_initialize                       - Undefined Weak Reference
    __arm_preinit_                            - Undefined Weak Reference
    __cpp_initialize__aeabi_                  - Undefined Weak Reference
    __cxa_finalize                            - Undefined Weak Reference
    __rt_locale                               - Undefined Weak Reference
    __sigvec_lookup                           - Undefined Weak Reference
    _atexit_init                              - Undefined Weak Reference
    _call_atexit_fns                          - Undefined Weak Reference
    _clock_init                               - Undefined Weak Reference
    _fp_trap_init                             - Undefined Weak Reference
    _fp_trap_shutdown                         - Undefined Weak Reference
    _get_lc_collate                           - Undefined Weak Reference
    _get_lc_ctype                             - Undefined Weak Reference
    _get_lc_monetary                          - Undefined Weak Reference
    _get_lc_numeric                           - Undefined Weak Reference
    _get_lc_time                              - Undefined Weak Reference
    _getenv_init                              - Undefined Weak Reference
    _handle_redirection                       - Undefined Weak Reference
    _init_alloc                               - Undefined Weak Reference
    _init_user_alloc                          - Undefined Weak Reference
    _initio                                   - Undefined Weak Reference
    _rand_init                                - Undefined Weak Reference
    _signal_finish                            - Undefined Weak Reference
    _signal_init                              - Undefined Weak Reference
    _terminate_alloc                          - Undefined Weak Reference
    _terminate_user_alloc                     - Undefined Weak Reference
    _terminateio                              - Undefined Weak Reference
    __Vectors_Size                           0x00000188   Number         0  startup_stm32f40_41xxx.o ABSOLUTE
    __Vectors                                0x08000000   Data           4  startup_stm32f40_41xxx.o(RESET)
    __Vectors_End                            0x08000188   Data           0  startup_stm32f40_41xxx.o(RESET)
    __main                                   0x08000189   Thumb Code     8  __main.o(!!!main)
    __scatterload                            0x08000191   Thumb Code     0  __scatter.o(!!!scatter)
    __scatterload_rt2                        0x08000191   Thumb Code    44  __scatter.o(!!!scatter)
    __scatterload_rt2_thumb_only             0x08000191   Thumb Code     0  __scatter.o(!!!scatter)
    __scatterload_null                       0x0800019f   Thumb Code     0  __scatter.o(!!!scatter)
    __scatterload_copy                       0x080001c5   Thumb Code    26  __scatter_copy.o(!!handler_copy)
    __scatterload_zeroinit                   0x080001e1   Thumb Code    28  __scatter_zi.o(!!handler_zi)
    __rt_lib_init                            0x080001fd   Thumb Code     0  libinit.o(.ARM.Collect$$libinit$$00000000)
    __rt_lib_init_fp_1                       0x080001ff   Thumb Code     0  libinit2.o(.ARM.Collect$$libinit$$00000001)
    __rt_lib_init_alloca_1                   0x08000203   Thumb Code     0  libinit2.o(.ARM.Collect$$libinit$$0000002E)
    __rt_lib_init_argv_1                     0x08000203   Thumb Code     0  libinit2.o(.ARM.Collect$$libinit$$0000002C)
    __rt_lib_init_atexit_1                   0x08000203   Thumb Code     0  libinit2.o(.ARM.Collect$$libinit$$0000001B)
    __rt_lib_init_clock_1                    0x08000203   Thumb Code     0  libinit2.o(.ARM.Collect$$libinit$$00000021)
    __rt_lib_init_cpp_1                      0x08000203   Thumb Code     0  libinit2.o(.ARM.Collect$$libinit$$00000032)
    __rt_lib_init_exceptions_1               0x08000203   Thumb Code     0  libinit2.o(.ARM.Collect$$libinit$$00000030)
    __rt_lib_init_fp_trap_1                  0x08000203   Thumb Code     0  libinit2.o(.ARM.Collect$$libinit$$0000001F)
    __rt_lib_init_getenv_1                   0x08000203   Thumb Code     0  libinit2.o(.ARM.Collect$$libinit$$00000023)
    __rt_lib_init_heap_1                     0x08000203   Thumb Code     0  libinit2.o(.ARM.Collect$$libinit$$0000000A)
    __rt_lib_init_lc_collate_1               0x08000203   Thumb Code     0  libinit2.o(.ARM.Collect$$libinit$$00000011)
    __rt_lib_init_lc_ctype_1                 0x08000203   Thumb Code     0  libinit2.o(.ARM.Collect$$libinit$$00000013)
    __rt_lib_init_lc_monetary_1              0x08000203   Thumb Code     0  libinit2.o(.ARM.Collect$$libinit$$00000015)
    __rt_lib_init_lc_numeric_1               0x08000203   Thumb Code     0  libinit2.o(.ARM.Collect$$libinit$$00000017)
    __rt_lib_init_lc_time_1                  0x08000203   Thumb Code     0  libinit2.o(.ARM.Collect$$libinit$$00000019)
    __rt_lib_init_preinit_1                  0x08000203   Thumb Code     0  libinit2.o(.ARM.Collect$$libinit$$00000004)
    __rt_lib_init_rand_1                     0x08000203   Thumb Code     0  libinit2.o(.ARM.Collect$$libinit$$0000000E)
    __rt_lib_init_return                     0x08000203   Thumb Code     0  libinit2.o(.ARM.Collect$$libinit$$00000033)
    __rt_lib_init_signal_1                   0x08000203   Thumb Code     0  libinit2.o(.ARM.Collect$$libinit$$0000001D)
    __rt_lib_init_stdio_1                    0x08000203   Thumb Code     0  libinit2.o(.ARM.Collect$$libinit$$00000025)
    __rt_lib_init_user_alloc_1               0x08000203   Thumb Code     0  libinit2.o(.ARM.Collect$$libinit$$0000000C)
    __rt_lib_shutdown                        0x08000205   Thumb Code     0  libshutdown.o(.ARM.Collect$$libshutdown$$00000000)
    __rt_lib_shutdown_fp_trap_1              0x08000207   Thumb Code     0  libshutdown2.o(.ARM.Collect$$libshutdown$$00000006)
    __rt_lib_shutdown_heap_1                 0x08000207   Thumb Code     0  libshutdown2.o(.ARM.Collect$$libshutdown$$0000000E)
    __rt_lib_shutdown_return                 0x08000207   Thumb Code     0  libshutdown2.o(.ARM.Collect$$libshutdown$$0000000F)
    __rt_lib_shutdown_signal_1               0x08000207   Thumb Code     0  libshutdown2.o(.ARM.Collect$$libshutdown$$00000009)
    __rt_lib_shutdown_stdio_1                0x08000207   Thumb Code     0  libshutdown2.o(.ARM.Collect$$libshutdown$$00000003)
    __rt_lib_shutdown_user_alloc_1           0x08000207   Thumb Code     0  libshutdown2.o(.ARM.Collect$$libshutdown$$0000000B)
    __rt_entry                               0x08000209   Thumb Code     0  __rtentry.o(.ARM.Collect$$rtentry$$00000000)
    __rt_entry_presh_1                       0x08000209   Thumb Code     0  __rtentry2.o(.ARM.Collect$$rtentry$$00000002)
    __rt_entry_sh                            0x08000209   Thumb Code     0  __rtentry4.o(.ARM.Collect$$rtentry$$00000004)
    __rt_entry_li                            0x0800020f   Thumb Code     0  __rtentry2.o(.ARM.Collect$$rtentry$$0000000A)
    __rt_entry_postsh_1                      0x0800020f   Thumb Code     0  __rtentry2.o(.ARM.Collect$$rtentry$$00000009)
    __rt_entry_main                          0x08000213   Thumb Code     0  __rtentry2.o(.ARM.Collect$$rtentry$$0000000D)
    __rt_entry_postli_1                      0x08000213   Thumb Code     0  __rtentry2.o(.ARM.Collect$$rtentry$$0000000C)
    __rt_exit                                0x0800021b   Thumb Code     0  rtexit.o(.ARM.Collect$$rtexit$$00000000)
    __rt_exit_ls                             0x0800021d   Thumb Code     0  rtexit2.o(.ARM.Collect$$rtexit$$00000003)
    __rt_exit_prels_1                        0x0800021d   Thumb Code     0  rtexit2.o(.ARM.Collect$$rtexit$$00000002)
    __rt_exit_exit                           0x08000221   Thumb Code     0  rtexit2.o(.ARM.Collect$$rtexit$$00000004)
    Reset_Handler                            0x08000229   Thumb Code     8  startup_stm32f40_41xxx.o(.text)
    ADC_IRQHandler                           0x08000243   Thumb Code     0  startup_stm32f40_41xxx.o(.text)
    CAN1_RX0_IRQHandler                      0x08000243   Thumb Code     0  startup_stm32f40_41xxx.o(.text)
    CAN1_RX1_IRQHandler                      0x08000243   Thumb Code     0  startup_stm32f40_41xxx.o(.text)
    CAN1_SCE_IRQHandler                      0x08000243   Thumb Code     0  startup_stm32f40_41xxx.o(.text)
    CAN1_TX_IRQHandler                       0x08000243   Thumb Code     0  startup_stm32f40_41xxx.o(.text)
    CAN2_RX0_IRQHandler                      0x08000243   Thumb Code     0  startup_stm32f40_41xxx.o(.text)
    CAN2_RX1_IRQHandler                      0x08000243   Thumb Code     0  startup_stm32f40_41xxx.o(.text)
    CAN2_SCE_IRQHandler                      0x08000243   Thumb Code     0  startup_stm32f40_41xxx.o(.text)
    CAN2_TX_IRQHandler                       0x08000243   Thumb Code     0  startup_stm32f40_41xxx.o(.text)
    CRYP_IRQHandler                          0x08000243   Thumb Code     0  startup_stm32f40_41xxx.o(.text)
    DCMI_IRQHandler                          0x08000243   Thumb Code     0  startup_stm32f40_41xxx.o(.text)
    DMA1_Stream0_IRQHandler                  0x08000243   Thumb Code     0  startup_stm32f40_41xxx.o(.text)
    DMA1_Stream1_IRQHandler                  0x08000243   Thumb Code     0  startup_stm32f40_41xxx.o(.text)
    DMA1_Stream2_IRQHandler                  0x08000243   Thumb Code     0  startup_stm32f40_41xxx.o(.text)
    DMA1_Stream3_IRQHandler                  0x08000243   Thumb Code     0  startup_stm32f40_41xxx.o(.text)
    DMA1_Stream4_IRQHandler                  0x08000243   Thumb Code     0  startup_stm32f40_41xxx.o(.text)
    DMA1_Stream5_IRQHandler                  0x08000243   Thumb Code     0  startup_stm32f40_41xxx.o(.text)
    DMA1_Stream6_IRQHandler                  0x08000243   Thumb Code     0  startup_stm32f40_41xxx.o(.text)
    DMA1_Stream7_IRQHandler                  0x08000243   Thumb Code     0  startup_stm32f40_41xxx.o(.text)
    DMA2_Stream0_IRQHandler                  0x08000243   Thumb Code     0  startup_stm32f40_41xxx.o(.text)
    DMA2_Stream1_IRQHandler                  0x08000243   Thumb Code     0  startup_stm32f40_41xxx.o(.text)
    DMA2_Stream2_IRQHandler                  0x08000243   Thumb Code     0  startup_stm32f40_41xxx.o(.text)
    DMA2_Stream3_IRQHandler                  0x08000243   Thumb Code     0  startup_stm32f40_41xxx.o(.text)
    DMA2_Stream4_IRQHandler                  0x08000243   Thumb Code     0  startup_stm32f40_41xxx.o(.text)
    DMA2_Stream5_IRQHandler                  0x08000243   Thumb Code     0  startup_stm32f40_41xxx.o(.text)
    DMA2_Stream6_IRQHandler                  0x08000243   Thumb Code     0  startup_stm32f40_41xxx.o(.text)
    DMA2_Stream7_IRQHandler                  0x08000243   Thumb Code     0  startup_stm32f40_41xxx.o(.text)
    ETH_IRQHandler                           0x08000243   Thumb Code     0  startup_stm32f40_41xxx.o(.text)
    ETH_WKUP_IRQHandler                      0x08000243   Thumb Code     0  startup_stm32f40_41xxx.o(.text)
    EXTI0_IRQHandler                         0x08000243   Thumb Code     0  startup_stm32f40_41xxx.o(.text)
    EXTI15_10_IRQHandler                     0x08000243   Thumb Code     0  startup_stm32f40_41xxx.o(.text)
    EXTI1_IRQHandler                         0x08000243   Thumb Code     0  startup_stm32f40_41xxx.o(.text)
    EXTI2_IRQHandler                         0x08000243   Thumb Code     0  startup_stm32f40_41xxx.o(.text)
    EXTI3_IRQHandler                         0x08000243   Thumb Code     0  startup_stm32f40_41xxx.o(.text)
    EXTI4_IRQHandler                         0x08000243   Thumb Code     0  startup_stm32f40_41xxx.o(.text)
    EXTI9_5_IRQHandler                       0x08000243   Thumb Code     0  startup_stm32f40_41xxx.o(.text)
    FLASH_IRQHandler                         0x08000243   Thumb Code     0  startup_stm32f40_41xxx.o(.text)
    FPU_IRQHandler                           0x08000243   Thumb Code     0  startup_stm32f40_41xxx.o(.text)
    FSMC_IRQHandler                          0x08000243   Thumb Code     0  startup_stm32f40_41xxx.o(.text)
    HASH_RNG_IRQHandler                      0x08000243   Thumb Code     0  startup_stm32f40_41xxx.o(.text)
    I2C1_ER_IRQHandler                       0x08000243   Thumb Code     0  startup_stm32f40_41xxx.o(.text)
    I2C1_EV_IRQHandler                       0x08000243   Thumb Code     0  startup_stm32f40_41xxx.o(.text)
    I2C2_ER_IRQHandler                       0x08000243   Thumb Code     0  startup_stm32f40_41xxx.o(.text)
    I2C2_EV_IRQHandler                       0x08000243   Thumb Code     0  startup_stm32f40_41xxx.o(.text)
    I2C3_ER_IRQHandler                       0x08000243   Thumb Code     0  startup_stm32f40_41xxx.o(.text)
    I2C3_EV_IRQHandler                       0x08000243   Thumb Code     0  startup_stm32f40_41xxx.o(.text)
    OTG_FS_IRQHandler                        0x08000243   Thumb Code     0  startup_stm32f40_41xxx.o(.text)
    OTG_FS_WKUP_IRQHandler                   0x08000243   Thumb Code     0  startup_stm32f40_41xxx.o(.text)
    OTG_HS_EP1_IN_IRQHandler                 0x08000243   Thumb Code     0  startup_stm32f40_41xxx.o(.text)
    OTG_HS_EP1_OUT_IRQHandler                0x08000243   Thumb Code     0  startup_stm32f40_41xxx.o(.text)
    OTG_HS_IRQHandler                        0x08000243   Thumb Code     0  startup_stm32f40_41xxx.o(.text)
    OTG_HS_WKUP_IRQHandler                   0x08000243   Thumb Code     0  startup_stm32f40_41xxx.o(.text)
    PVD_IRQHandler                           0x08000243   Thumb Code     0  startup_stm32f40_41xxx.o(.text)
    RCC_IRQHandler                           0x08000243   Thumb Code     0  startup_stm32f40_41xxx.o(.text)
    RTC_Alarm_IRQHandler                     0x08000243   Thumb Code     0  startup_stm32f40_41xxx.o(.text)
    RTC_WKUP_IRQHandler                      0x08000243   Thumb Code     0  startup_stm32f40_41xxx.o(.text)
    SDIO_IRQHandler                          0x08000243   Thumb Code     0  startup_stm32f40_41xxx.o(.text)
    SPI1_IRQHandler                          0x08000243   Thumb Code     0  startup_stm32f40_41xxx.o(.text)
    SPI2_IRQHandler                          0x08000243   Thumb Code     0  startup_stm32f40_41xxx.o(.text)
    SPI3_IRQHandler                          0x08000243   Thumb Code     0  startup_stm32f40_41xxx.o(.text)
    TAMP_STAMP_IRQHandler                    0x08000243   Thumb Code     0  startup_stm32f40_41xxx.o(.text)
    TIM1_BRK_TIM9_IRQHandler                 0x08000243   Thumb Code     0  startup_stm32f40_41xxx.o(.text)
    TIM1_CC_IRQHandler                       0x08000243   Thumb Code     0  startup_stm32f40_41xxx.o(.text)
    TIM1_TRG_COM_TIM11_IRQHandler            0x08000243   Thumb Code     0  startup_stm32f40_41xxx.o(.text)
    TIM1_UP_TIM10_IRQHandler                 0x08000243   Thumb Code     0  startup_stm32f40_41xxx.o(.text)
    TIM2_IRQHandler                          0x08000243   Thumb Code     0  startup_stm32f40_41xxx.o(.text)
    TIM3_IRQHandler                          0x08000243   Thumb Code     0  startup_stm32f40_41xxx.o(.text)
    TIM4_IRQHandler                          0x08000243   Thumb Code     0  startup_stm32f40_41xxx.o(.text)
    TIM5_IRQHandler                          0x08000243   Thumb Code     0  startup_stm32f40_41xxx.o(.text)
    TIM6_DAC_IRQHandler                      0x08000243   Thumb Code     0  startup_stm32f40_41xxx.o(.text)
    TIM7_IRQHandler                          0x08000243   Thumb Code     0  startup_stm32f40_41xxx.o(.text)
    TIM8_BRK_TIM12_IRQHandler                0x08000243   Thumb Code     0  startup_stm32f40_41xxx.o(.text)
    TIM8_CC_IRQHandler                       0x08000243   Thumb Code     0  startup_stm32f40_41xxx.o(.text)
    TIM8_TRG_COM_TIM14_IRQHandler            0x08000243   Thumb Code     0  startup_stm32f40_41xxx.o(.text)
    TIM8_UP_TIM13_IRQHandler                 0x08000243   Thumb Code     0  startup_stm32f40_41xxx.o(.text)
    UART4_IRQHandler                         0x08000243   Thumb Code     0  startup_stm32f40_41xxx.o(.text)
    UART5_IRQHandler                         0x08000243   Thumb Code     0  startup_stm32f40_41xxx.o(.text)
    USART2_IRQHandler                        0x08000243   Thumb Code     0  startup_stm32f40_41xxx.o(.text)
    USART6_IRQHandler                        0x08000243   Thumb Code     0  startup_stm32f40_41xxx.o(.text)
    WWDG_IRQHandler                          0x08000243   Thumb Code     0  startup_stm32f40_41xxx.o(.text)
    __user_initial_stackheap                 0x08000245   Thumb Code     0  startup_stm32f40_41xxx.o(.text)
    __use_no_semihosting                     0x08000269   Thumb Code     2  use_no_semi_2.o(.text)
    __aeabi_memcpy4                          0x0800026b   Thumb Code     0  rt_memcpy_w.o(.text)
    __aeabi_memcpy8                          0x0800026b   Thumb Code     0  rt_memcpy_w.o(.text)
    __rt_memcpy_w                            0x0800026b   Thumb Code   100  rt_memcpy_w.o(.text)
    _memcpy_lastbytes_aligned                0x080002b3   Thumb Code     0  rt_memcpy_w.o(.text)
    __use_two_region_memory                  0x080002cf   Thumb Code     2  heapauxi.o(.text)
    __rt_heap_escrow$2region                 0x080002d1   Thumb Code     2  heapauxi.o(.text)
    __rt_heap_expand$2region                 0x080002d3   Thumb Code     2  heapauxi.o(.text)
    __I$use$semihosting                      0x080002d5   Thumb Code     0  use_no_semi.o(.text)
    __use_no_semihosting_swi                 0x080002d5   Thumb Code     2  use_no_semi.o(.text)
    __read_errno                             0x080002d7   Thumb Code    10  _rserrno.o(.text)
    __set_errno                              0x080002e1   Thumb Code    12  _rserrno.o(.text)
    __aeabi_errno_addr                       0x080002ed   Thumb Code     8  rt_errno_addr_intlibspace.o(.text)
    __errno$intlibspace                      0x080002ed   Thumb Code     0  rt_errno_addr_intlibspace.o(.text)
    __rt_errno_addr$intlibspace              0x080002ed   Thumb Code     0  rt_errno_addr_intlibspace.o(.text)
    __user_libspace                          0x080002f5   Thumb Code     8  libspace.o(.text)
    __user_perproc_libspace                  0x080002f5   Thumb Code     0  libspace.o(.text)
    __user_perthread_libspace                0x080002f5   Thumb Code     0  libspace.o(.text)
    __user_setup_stackheap                   0x080002fd   Thumb Code    74  sys_stackheap_outer.o(.text)
    exit                                     0x08000347   Thumb Code    12  exit.o(.text)
    BusFault_Handler                         0x08000353   Thumb Code     4  stm32f4xx_it.o(i.BusFault_Handler)
    DebugMon_Handler                         0x08000357   Thumb Code     2  stm32f4xx_it.o(i.DebugMon_Handler)
    GPIO_Init                                0x08000359   Thumb Code   144  stm32f4xx_gpio.o(i.GPIO_Init)
    GPIO_PinAFConfig                         0x080003e9   Thumb Code    70  stm32f4xx_gpio.o(i.GPIO_PinAFConfig)
    GPIO_ResetBits                           0x0800042f   Thumb Code     4  stm32f4xx_gpio.o(i.GPIO_ResetBits)
    GPIO_SetBits                             0x08000433   Thumb Code     4  stm32f4xx_gpio.o(i.GPIO_SetBits)
    HardFault_Handler                        0x08000437   Thumb Code     4  stm32f4xx_it.o(i.HardFault_Handler)
    LED_Init                                 0x0800043d   Thumb Code    60  led.o(i.LED_Init)
    MemManage_Handler                        0x0800047d   Thumb Code     4  stm32f4xx_it.o(i.MemManage_Handler)
    NMI_Handler                              0x08000481   Thumb Code     2  stm32f4xx_it.o(i.NMI_Handler)
    NVIC_Init                                0x08000485   Thumb Code   106  misc.o(i.NVIC_Init)
    NVIC_PriorityGroupConfig                 0x080004fd   Thumb Code    10  misc.o(i.NVIC_PriorityGroupConfig)
    PWM_Init                                 0x08000511   Thumb Code   150  pwm.o(i.PWM_Init)
    PendSV_Handler                           0x080005b1   Thumb Code     2  stm32f4xx_it.o(i.PendSV_Handler)
    RCC_AHB1PeriphClockCmd                   0x080005b5   Thumb Code    26  stm32f4xx_rcc.o(i.RCC_AHB1PeriphClockCmd)
    RCC_APB1PeriphClockCmd                   0x080005d5   Thumb Code    26  stm32f4xx_rcc.o(i.RCC_APB1PeriphClockCmd)
    RCC_APB2PeriphClockCmd                   0x080005f5   Thumb Code    26  stm32f4xx_rcc.o(i.RCC_APB2PeriphClockCmd)
    RCC_GetClocksFreq                        0x08000615   Thumb Code   214  stm32f4xx_rcc.o(i.RCC_GetClocksFreq)
    ReadServoPositionVelocity                0x080006fd   Thumb Code   100  servo.o(i.ReadServoPositionVelocity)
    RectMotion                               0x08000769   Thumb Code 17338  mainsubf.o(i.RectMotion)
    SVC_Handler                              0x08004b2d   Thumb Code     2  stm32f4xx_it.o(i.SVC_Handler)
    SendServoByte                            0x08004b31   Thumb Code    28  servo.o(i.SendServoByte)
    Servo_Init                               0x08004b51   Thumb Code   258  servo.o(i.Servo_Init)
    SetId                                    0x08004c61   Thumb Code    18  mainsubf.o(i.SetId)
    SetPosVel                                0x08004c79   Thumb Code   308  mainsubf.o(i.SetPosVel)
    SetServoId                               0x08004dc9   Thumb Code   100  servo.o(i.SetServoId)
    SetServoPosition                         0x08004e35   Thumb Code   202  servo.o(i.SetServoPosition)
    SetServoVelocity                         0x08004f09   Thumb Code   174  servo.o(i.SetServoVelocity)
    SetVel                                   0x080050ad   Thumb Code    60  mainsubf.o(i.SetVel)
    SyncSetServoPosition                     0x080050f1   Thumb Code   940  servo.o(i.SyncSetServoPosition)
    SysTick_CLKSourceConfig                  0x080054a5   Thumb Code    40  misc.o(i.SysTick_CLKSourceConfig)
    SysTick_Handler                          0x080054cd   Thumb Code     2  stm32f4xx_it.o(i.SysTick_Handler)
    SystemInit                               0x080054d1   Thumb Code    88  system_stm32f4xx.o(i.SystemInit)
    TIM_ARRPreloadConfig                     0x08005539   Thumb Code    24  stm32f4xx_tim.o(i.TIM_ARRPreloadConfig)
    TIM_Cmd                                  0x08005551   Thumb Code    24  stm32f4xx_tim.o(i.TIM_Cmd)
    TIM_OC3Init                              0x08005569   Thumb Code   150  stm32f4xx_tim.o(i.TIM_OC3Init)
    TIM_OC3PreloadConfig                     0x08005609   Thumb Code    18  stm32f4xx_tim.o(i.TIM_OC3PreloadConfig)
    TIM_SetCompare3                          0x0800561b   Thumb Code     4  stm32f4xx_tim.o(i.TIM_SetCompare3)
    TIM_TimeBaseInit                         0x08005621   Thumb Code   104  stm32f4xx_tim.o(i.TIM_TimeBaseInit)
    Teach                                    0x080056a5   Thumb Code  1742  mainsubf.o(i.Teach)
    USART1_IRQHandler                        0x08005d99   Thumb Code   122  usart_vs.o(i.USART1_IRQHandler)
    USART3_IRQHandler                        0x08005e21   Thumb Code    60  usart.o(i.USART3_IRQHandler)
    USART_Cmd                                0x08005e69   Thumb Code    24  stm32f4xx_usart.o(i.USART_Cmd)
    USART_GetFlagStatus                      0x08005e81   Thumb Code    26  stm32f4xx_usart.o(i.USART_GetFlagStatus)
    USART_GetITStatus                        0x08005e9b   Thumb Code    84  stm32f4xx_usart.o(i.USART_GetITStatus)
    USART_ITConfig                           0x08005eef   Thumb Code    74  stm32f4xx_usart.o(i.USART_ITConfig)
    USART_Init                               0x08005f39   Thumb Code   204  stm32f4xx_usart.o(i.USART_Init)
    USART_ReceiveData                        0x0800600d   Thumb Code    10  stm32f4xx_usart.o(i.USART_ReceiveData)
    USART_SendData                           0x08006017   Thumb Code     8  stm32f4xx_usart.o(i.USART_SendData)
    UsageFault_Handler                       0x0800601f   Thumb Code     4  stm32f4xx_it.o(i.UsageFault_Handler)
    __ARM_fpclassify                         0x08006023   Thumb Code    48  fpclassify.o(i.__ARM_fpclassify)
    __hardfp_atan                            0x08006059   Thumb Code   622  atan.o(i.__hardfp_atan)
    __hardfp_atan2                           0x08006331   Thumb Code   432  atan2.o(i.__hardfp_atan2)
    __hardfp_cos                             0x08006521   Thumb Code   180  cos.o(i.__hardfp_cos)
    __hardfp_fabs                            0x080065e9   Thumb Code    20  fabs.o(i.__hardfp_fabs)
    __hardfp_pow                             0x08006601   Thumb Code  3044  pow.o(i.__hardfp_pow)
    __hardfp_sin                             0x08007239   Thumb Code   180  sin.o(i.__hardfp_sin)
    __hardfp_sqrt                            0x08007301   Thumb Code   122  sqrt.o(i.__hardfp_sqrt)
    __ieee754_rem_pio2                       0x08007381   Thumb Code   938  rred.o(i.__ieee754_rem_pio2)
    __kernel_cos                             0x080077b9   Thumb Code   322  cos_i.o(i.__kernel_cos)
    __kernel_poly                            0x08007929   Thumb Code   248  poly.o(i.__kernel_poly)
    __kernel_sin                             0x08007a21   Thumb Code   280  sin_i.o(i.__kernel_sin)
    __mathlib_dbl_divzero                    0x08007b51   Thumb Code    28  dunder.o(i.__mathlib_dbl_divzero)
    __mathlib_dbl_infnan                     0x08007b81   Thumb Code    20  dunder.o(i.__mathlib_dbl_infnan)
    __mathlib_dbl_infnan2                    0x08007b95   Thumb Code    20  dunder.o(i.__mathlib_dbl_infnan2)
    __mathlib_dbl_invalid                    0x08007ba9   Thumb Code    24  dunder.o(i.__mathlib_dbl_invalid)
    __mathlib_dbl_overflow                   0x08007bc9   Thumb Code    24  dunder.o(i.__mathlib_dbl_overflow)
    __mathlib_dbl_underflow                  0x08007be9   Thumb Code    24  dunder.o(i.__mathlib_dbl_underflow)
    _sys_exit                                0x08007c09   Thumb Code     6  usart_vs.o(i._sys_exit)
    atan                                     0x08007c0f   Thumb Code    16  atan.o(i.atan)
    delay_init                               0x08007c21   Thumb Code    52  delay.o(i.delay_init)
    delay_ms                                 0x08007c5d   Thumb Code    56  delay.o(i.delay_ms)
    delay_us                                 0x08007c95   Thumb Code    72  delay.o(i.delay_us)
    delay_xms                                0x08007ce1   Thumb Code    72  delay.o(i.delay_xms)
    fabs                                     0x08007d2d   Thumb Code    24  fabs.o(i.fabs)
    main                                     0x08007d45   Thumb Code   376  main.o(i.main)
    sqrt                                     0x08007ed1   Thumb Code   110  sqrt.o(i.sqrt)
    uart_init                                0x08007f41   Thumb Code   164  usart_vs.o(i.uart_init)
    uart_ser_init                            0x08007fed   Thumb Code   164  usart.o(i.uart_ser_init)
    __aeabi_dneg                             0x08008099   Thumb Code     0  basic.o(x$fpl$basic)
    _dneg                                    0x08008099   Thumb Code     6  basic.o(x$fpl$basic)
    __aeabi_fneg                             0x0800809f   Thumb Code     0  basic.o(x$fpl$basic)
    _fneg                                    0x0800809f   Thumb Code     6  basic.o(x$fpl$basic)
    _dabs                                    0x080080a5   Thumb Code     6  basic.o(x$fpl$basic)
    _fabs                                    0x080080ab   Thumb Code     6  basic.o(x$fpl$basic)
    __aeabi_dadd                             0x080080b1   Thumb Code     0  daddsub_clz.o(x$fpl$dadd)
    _dadd                                    0x080080b1   Thumb Code   332  daddsub_clz.o(x$fpl$dadd)
    __fpl_dcheck_NaN1                        0x08008201   Thumb Code    10  dcheck1.o(x$fpl$dcheck1)
    __fpl_dcmp_Inf                           0x08008211   Thumb Code    24  dcmpi.o(x$fpl$dcmpinf)
    __aeabi_ddiv                             0x08008229   Thumb Code     0  ddiv.o(x$fpl$ddiv)
    _ddiv                                    0x08008229   Thumb Code   552  ddiv.o(x$fpl$ddiv)
    __aeabi_cdcmpeq                          0x080084d9   Thumb Code     0  deqf.o(x$fpl$deqf)
    _dcmpeq                                  0x080084d9   Thumb Code   120  deqf.o(x$fpl$deqf)
    __aeabi_d2iz                             0x08008551   Thumb Code     0  dfix.o(x$fpl$dfix)
    _dfix                                    0x08008551   Thumb Code    94  dfix.o(x$fpl$dfix)
    __aeabi_d2uiz                            0x080085b1   Thumb Code     0  dfixu.o(x$fpl$dfixu)
    _dfixu                                   0x080085b1   Thumb Code    90  dfixu.o(x$fpl$dfixu)
    __aeabi_i2d                              0x0800860b   Thumb Code     0  dflt_clz.o(x$fpl$dflt)
    _dflt                                    0x0800860b   Thumb Code    46  dflt_clz.o(x$fpl$dflt)
    __aeabi_ui2d                             0x08008639   Thumb Code     0  dflt_clz.o(x$fpl$dfltu)
    _dfltu                                   0x08008639   Thumb Code    38  dflt_clz.o(x$fpl$dfltu)
    __aeabi_cdcmple                          0x08008661   Thumb Code     0  dleqf.o(x$fpl$dleqf)
    _dcmple                                  0x08008661   Thumb Code   120  dleqf.o(x$fpl$dleqf)
    __fpl_dcmple_InfNaN                      0x080086c3   Thumb Code     0  dleqf.o(x$fpl$dleqf)
    __aeabi_dmul                             0x080086d9   Thumb Code     0  dmul.o(x$fpl$dmul)
    _dmul                                    0x080086d9   Thumb Code   332  dmul.o(x$fpl$dmul)
    __fpl_dnaninf                            0x0800882d   Thumb Code   156  dnaninf.o(x$fpl$dnaninf)
    __fpl_dretinf                            0x080088c9   Thumb Code    12  dretinf.o(x$fpl$dretinf)
    __aeabi_cdrcmple                         0x080088d5   Thumb Code     0  drleqf.o(x$fpl$drleqf)
    _drcmple                                 0x080088d5   Thumb Code   108  drleqf.o(x$fpl$drleqf)
    __aeabi_drsub                            0x08008941   Thumb Code     0  daddsub_clz.o(x$fpl$drsb)
    _drsb                                    0x08008941   Thumb Code    22  daddsub_clz.o(x$fpl$drsb)
    _dsqrt                                   0x08008959   Thumb Code   404  dsqrt_umaal.o(x$fpl$dsqrt)
    __aeabi_dsub                             0x08008af1   Thumb Code     0  daddsub_clz.o(x$fpl$dsub)
    _dsub                                    0x08008af1   Thumb Code   464  daddsub_clz.o(x$fpl$dsub)
    _fp_init                                 0x08008cc5   Thumb Code    10  fpinit.o(x$fpl$fpinit)
    __fplib_config_fpu_vfp                   0x08008ccd   Thumb Code     0  fpinit.o(x$fpl$fpinit)
    __fplib_config_pureend_doubles           0x08008ccd   Thumb Code     0  fpinit.o(x$fpl$fpinit)
    __fpl_return_NaN                         0x08008ccf   Thumb Code   100  retnan.o(x$fpl$retnan)
    __ARM_scalbn                             0x08008d33   Thumb Code    92  scalbn.o(x$fpl$scalbn)
    __fpl_cmpreturn                          0x08008d8f   Thumb Code    48  trapv.o(x$fpl$trapveneer)
    __I$use$fp                               0x08008dbe   Number         0  usenofp.o(x$fpl$usenofp)
    __mathlib_zero                           0x08009210   Data           8  qnan.o(.constdata)
    Region$$Table$$Base                      0x08009308   Number         0  anon$$obj.o(Region$$Table)
    Region$$Table$$Limit                     0x08009328   Number         0  anon$$obj.o(Region$$Table)
    pos0_7                                   0x20000000   Data           4  main.o(.data)
    num                                      0x20000004   Data           4  main.o(.data)
    id                                       0x20000008   Data           4  main.o(.data)
    __ser_stdout                             0x20000020   Data           4  usart.o(.data)
    USART_SER_RX_STA                         0x20000024   Data           2  usart.o(.data)
    __stdout                                 0x20000028   Data           4  usart_vs.o(.data)
    USART_RX_STA                             0x2000002c   Data           2  usart_vs.o(.data)
    pos_now                                  0x20000030   Data         280  main.o(.bss)
    spe_now                                  0x20000148   Data         280  main.o(.bss)
    USART_SER_RX_BUF                         0x20000260   Data          10  usart.o(.bss)
    USART_RX_BUF                             0x2000026a   Data         200  usart_vs.o(.bss)
    __libspace_start                         0x20000334   Data          96  libspace.o(.bss)
    __temporary_stack_top$libspace           0x20000394   Data           0  libspace.o(.bss)



==============================================================================

Memory Map of the image

  Image Entry point : 0x08000189

  Load Region LR_IROM1 (Base: 0x08000000, Size: 0x00009358, Max: 0x00100000, ABSOLUTE)

    Execution Region ER_IROM1 (Base: 0x08000000, Size: 0x00009328, Max: 0x00100000, ABSOLUTE)

    Base Addr    Size         Type   Attr      Idx    E Section Name        Object

    0x08000000   0x00000188   Data   RO          279    RESET               startup_stm32f40_41xxx.o
    0x08000188   0x00000008   Code   RO         2471  * !!!main             c_w.l(__main.o)
    0x08000190   0x00000034   Code   RO         2798    !!!scatter          c_w.l(__scatter.o)
    0x080001c4   0x0000001a   Code   RO         2800    !!handler_copy      c_w.l(__scatter_copy.o)
    0x080001de   0x00000002   PAD
    0x080001e0   0x0000001c   Code   RO         2802    !!handler_zi        c_w.l(__scatter_zi.o)
    0x080001fc   0x00000002   Code   RO         2672    .ARM.Collect$$libinit$$00000000  c_w.l(libinit.o)
    0x080001fe   0x00000004   Code   RO         2677    .ARM.Collect$$libinit$$00000001  c_w.l(libinit2.o)
    0x08000202   0x00000000   Code   RO         2680    .ARM.Collect$$libinit$$00000004  c_w.l(libinit2.o)
    0x08000202   0x00000000   Code   RO         2683    .ARM.Collect$$libinit$$0000000A  c_w.l(libinit2.o)
    0x08000202   0x00000000   Code   RO         2685    .ARM.Collect$$libinit$$0000000C  c_w.l(libinit2.o)
    0x08000202   0x00000000   Code   RO         2687    .ARM.Collect$$libinit$$0000000E  c_w.l(libinit2.o)
    0x08000202   0x00000000   Code   RO         2690    .ARM.Collect$$libinit$$00000011  c_w.l(libinit2.o)
    0x08000202   0x00000000   Code   RO         2692    .ARM.Collect$$libinit$$00000013  c_w.l(libinit2.o)
    0x08000202   0x00000000   Code   RO         2694    .ARM.Collect$$libinit$$00000015  c_w.l(libinit2.o)
    0x08000202   0x00000000   Code   RO         2696    .ARM.Collect$$libinit$$00000017  c_w.l(libinit2.o)
    0x08000202   0x00000000   Code   RO         2698    .ARM.Collect$$libinit$$00000019  c_w.l(libinit2.o)
    0x08000202   0x00000000   Code   RO         2700    .ARM.Collect$$libinit$$0000001B  c_w.l(libinit2.o)
    0x08000202   0x00000000   Code   RO         2702    .ARM.Collect$$libinit$$0000001D  c_w.l(libinit2.o)
    0x08000202   0x00000000   Code   RO         2704    .ARM.Collect$$libinit$$0000001F  c_w.l(libinit2.o)
    0x08000202   0x00000000   Code   RO         2706    .ARM.Collect$$libinit$$00000021  c_w.l(libinit2.o)
    0x08000202   0x00000000   Code   RO         2708    .ARM.Collect$$libinit$$00000023  c_w.l(libinit2.o)
    0x08000202   0x00000000   Code   RO         2710    .ARM.Collect$$libinit$$00000025  c_w.l(libinit2.o)
    0x08000202   0x00000000   Code   RO         2714    .ARM.Collect$$libinit$$0000002C  c_w.l(libinit2.o)
    0x08000202   0x00000000   Code   RO         2716    .ARM.Collect$$libinit$$0000002E  c_w.l(libinit2.o)
    0x08000202   0x00000000   Code   RO         2718    .ARM.Collect$$libinit$$00000030  c_w.l(libinit2.o)
    0x08000202   0x00000000   Code   RO         2720    .ARM.Collect$$libinit$$00000032  c_w.l(libinit2.o)
    0x08000202   0x00000002   Code   RO         2721    .ARM.Collect$$libinit$$00000033  c_w.l(libinit2.o)
    0x08000204   0x00000002   Code   RO         2741    .ARM.Collect$$libshutdown$$00000000  c_w.l(libshutdown.o)
    0x08000206   0x00000000   Code   RO         2752    .ARM.Collect$$libshutdown$$00000003  c_w.l(libshutdown2.o)
    0x08000206   0x00000000   Code   RO         2755    .ARM.Collect$$libshutdown$$00000006  c_w.l(libshutdown2.o)
    0x08000206   0x00000000   Code   RO         2758    .ARM.Collect$$libshutdown$$00000009  c_w.l(libshutdown2.o)
    0x08000206   0x00000000   Code   RO         2760    .ARM.Collect$$libshutdown$$0000000B  c_w.l(libshutdown2.o)
    0x08000206   0x00000000   Code   RO         2763    .ARM.Collect$$libshutdown$$0000000E  c_w.l(libshutdown2.o)
    0x08000206   0x00000002   Code   RO         2764    .ARM.Collect$$libshutdown$$0000000F  c_w.l(libshutdown2.o)
    0x08000208   0x00000000   Code   RO         2577    .ARM.Collect$$rtentry$$00000000  c_w.l(__rtentry.o)
    0x08000208   0x00000000   Code   RO         2639    .ARM.Collect$$rtentry$$00000002  c_w.l(__rtentry2.o)
    0x08000208   0x00000006   Code   RO         2651    .ARM.Collect$$rtentry$$00000004  c_w.l(__rtentry4.o)
    0x0800020e   0x00000000   Code   RO         2641    .ARM.Collect$$rtentry$$00000009  c_w.l(__rtentry2.o)
    0x0800020e   0x00000004   Code   RO         2642    .ARM.Collect$$rtentry$$0000000A  c_w.l(__rtentry2.o)
    0x08000212   0x00000000   Code   RO         2644    .ARM.Collect$$rtentry$$0000000C  c_w.l(__rtentry2.o)
    0x08000212   0x00000008   Code   RO         2645    .ARM.Collect$$rtentry$$0000000D  c_w.l(__rtentry2.o)
    0x0800021a   0x00000002   Code   RO         2675    .ARM.Collect$$rtexit$$00000000  c_w.l(rtexit.o)
    0x0800021c   0x00000000   Code   RO         2725    .ARM.Collect$$rtexit$$00000002  c_w.l(rtexit2.o)
    0x0800021c   0x00000004   Code   RO         2726    .ARM.Collect$$rtexit$$00000003  c_w.l(rtexit2.o)
    0x08000220   0x00000006   Code   RO         2727    .ARM.Collect$$rtexit$$00000004  c_w.l(rtexit2.o)
    0x08000226   0x00000002   PAD
    0x08000228   0x00000040   Code   RO          280    .text               startup_stm32f40_41xxx.o
    0x08000268   0x00000002   Code   RO         2465    .text               c_w.l(use_no_semi_2.o)
    0x0800026a   0x00000064   Code   RO         2467    .text               c_w.l(rt_memcpy_w.o)
    0x080002ce   0x00000006   Code   RO         2469    .text               c_w.l(heapauxi.o)
    0x080002d4   0x00000002   Code   RO         2575    .text               c_w.l(use_no_semi.o)
    0x080002d6   0x00000016   Code   RO         2578    .text               c_w.l(_rserrno.o)
    0x080002ec   0x00000008   Code   RO         2656    .text               c_w.l(rt_errno_addr_intlibspace.o)
    0x080002f4   0x00000008   Code   RO         2660    .text               c_w.l(libspace.o)
    0x080002fc   0x0000004a   Code   RO         2663    .text               c_w.l(sys_stackheap_outer.o)
    0x08000346   0x0000000c   Code   RO         2665    .text               c_w.l(exit.o)
    0x08000352   0x00000004   Code   RO          171    i.BusFault_Handler  stm32f4xx_it.o
    0x08000356   0x00000002   Code   RO          172    i.DebugMon_Handler  stm32f4xx_it.o
    0x08000358   0x00000090   Code   RO          419    i.GPIO_Init         stm32f4xx_gpio.o
    0x080003e8   0x00000046   Code   RO          420    i.GPIO_PinAFConfig  stm32f4xx_gpio.o
    0x0800042e   0x00000004   Code   RO          426    i.GPIO_ResetBits    stm32f4xx_gpio.o
    0x08000432   0x00000004   Code   RO          427    i.GPIO_SetBits      stm32f4xx_gpio.o
    0x08000436   0x00000004   Code   RO          173    i.HardFault_Handler  stm32f4xx_it.o
    0x0800043a   0x00000002   PAD
    0x0800043c   0x00000040   Code   RO         2210    i.LED_Init          led.o
    0x0800047c   0x00000004   Code   RO          174    i.MemManage_Handler  stm32f4xx_it.o
    0x08000480   0x00000002   Code   RO          175    i.NMI_Handler       stm32f4xx_it.o
    0x08000482   0x00000002   PAD
    0x08000484   0x00000078   Code   RO          286    i.NVIC_Init         misc.o
    0x080004fc   0x00000014   Code   RO          287    i.NVIC_PriorityGroupConfig  misc.o
    0x08000510   0x000000a0   Code   RO         2190    i.PWM_Init          pwm.o
    0x080005b0   0x00000002   Code   RO          176    i.PendSV_Handler    stm32f4xx_it.o
    0x080005b2   0x00000002   PAD
    0x080005b4   0x00000020   Code   RO          638    i.RCC_AHB1PeriphClockCmd  stm32f4xx_rcc.o
    0x080005d4   0x00000020   Code   RO          647    i.RCC_APB1PeriphClockCmd  stm32f4xx_rcc.o
    0x080005f4   0x00000020   Code   RO          650    i.RCC_APB2PeriphClockCmd  stm32f4xx_rcc.o
    0x08000614   0x000000e8   Code   RO          659    i.RCC_GetClocksFreq  stm32f4xx_rcc.o
    0x080006fc   0x0000006c   Code   RO         2279    i.ReadServoPositionVelocity  servo.o
    0x08000768   0x000043c4   Code   RO         2411    i.RectMotion        mainsubf.o
    0x08004b2c   0x00000002   Code   RO          177    i.SVC_Handler       stm32f4xx_it.o
    0x08004b2e   0x00000002   PAD
    0x08004b30   0x00000020   Code   RO         2280    i.SendServoByte     servo.o
    0x08004b50   0x00000110   Code   RO         2281    i.Servo_Init        servo.o
    0x08004c60   0x00000018   Code   RO         2412    i.SetId             mainsubf.o
    0x08004c78   0x00000150   Code   RO         2413    i.SetPosVel         mainsubf.o
    0x08004dc8   0x0000006c   Code   RO         2282    i.SetServoId        servo.o
    0x08004e34   0x000000d4   Code   RO         2283    i.SetServoPosition  servo.o
    0x08004f08   0x000000b8   Code   RO         2284    i.SetServoVelocity  servo.o
    0x08004fc0   0x000000ec   Code   RO          242    i.SetSysClock       system_stm32f4xx.o
    0x080050ac   0x00000044   Code   RO         2414    i.SetVel            mainsubf.o
    0x080050f0   0x000003b4   Code   RO         2285    i.SyncSetServoPosition  servo.o
    0x080054a4   0x00000028   Code   RO          290    i.SysTick_CLKSourceConfig  misc.o
    0x080054cc   0x00000002   Code   RO          178    i.SysTick_Handler   stm32f4xx_it.o
    0x080054ce   0x00000002   PAD
    0x080054d0   0x00000068   Code   RO          244    i.SystemInit        system_stm32f4xx.o
    0x08005538   0x00000018   Code   RO         1386    i.TIM_ARRPreloadConfig  stm32f4xx_tim.o
    0x08005550   0x00000018   Code   RO         1398    i.TIM_Cmd           stm32f4xx_tim.o
    0x08005568   0x000000a0   Code   RO         1437    i.TIM_OC3Init       stm32f4xx_tim.o
    0x08005608   0x00000012   Code   RO         1440    i.TIM_OC3PreloadConfig  stm32f4xx_tim.o
    0x0800561a   0x00000004   Code   RO         1462    i.TIM_SetCompare3   stm32f4xx_tim.o
    0x0800561e   0x00000002   PAD
    0x08005620   0x00000084   Code   RO         1470    i.TIM_TimeBaseInit  stm32f4xx_tim.o
    0x080056a4   0x000006f4   Code   RO         2415    i.Teach             mainsubf.o
    0x08005d98   0x00000088   Code   RO         2335    i.USART1_IRQHandler  usart_vs.o
    0x08005e20   0x00000048   Code   RO         2230    i.USART3_IRQHandler  usart.o
    0x08005e68   0x00000018   Code   RO         1948    i.USART_Cmd         stm32f4xx_usart.o
    0x08005e80   0x0000001a   Code   RO         1951    i.USART_GetFlagStatus  stm32f4xx_usart.o
    0x08005e9a   0x00000054   Code   RO         1952    i.USART_GetITStatus  stm32f4xx_usart.o
    0x08005eee   0x0000004a   Code   RO         1954    i.USART_ITConfig    stm32f4xx_usart.o
    0x08005f38   0x000000d4   Code   RO         1955    i.USART_Init        stm32f4xx_usart.o
    0x0800600c   0x0000000a   Code   RO         1962    i.USART_ReceiveData  stm32f4xx_usart.o
    0x08006016   0x00000008   Code   RO         1965    i.USART_SendData    stm32f4xx_usart.o
    0x0800601e   0x00000004   Code   RO          179    i.UsageFault_Handler  stm32f4xx_it.o
    0x08006022   0x00000030   Code   RO         2622    i.__ARM_fpclassify  m_wm.l(fpclassify.o)
    0x08006052   0x00000006   PAD
    0x08006058   0x000002d8   Code   RO         2591    i.__hardfp_atan     m_wm.l(atan.o)
    0x08006330   0x000001f0   Code   RO         2507    i.__hardfp_atan2    m_wm.l(atan2.o)
    0x08006520   0x000000c8   Code   RO         2519    i.__hardfp_cos      m_wm.l(cos.o)
    0x080065e8   0x00000014   Code   RO         2531    i.__hardfp_fabs     m_wm.l(fabs.o)
    0x080065fc   0x00000004   PAD
    0x08006600   0x00000c38   Code   RO         2537    i.__hardfp_pow      m_wm.l(pow.o)
    0x08007238   0x000000c8   Code   RO         2551    i.__hardfp_sin      m_wm.l(sin.o)
    0x08007300   0x0000007a   Code   RO         2563    i.__hardfp_sqrt     m_wm.l(sqrt.o)
    0x0800737a   0x00000006   PAD
    0x08007380   0x00000438   Code   RO         2627    i.__ieee754_rem_pio2  m_wm.l(rred.o)
    0x080077b8   0x00000170   Code   RO         2605    i.__kernel_cos      m_wm.l(cos_i.o)
    0x08007928   0x000000f8   Code   RO         2624    i.__kernel_poly     m_wm.l(poly.o)
    0x08007a20   0x00000130   Code   RO         2632    i.__kernel_sin      m_wm.l(sin_i.o)
    0x08007b50   0x00000030   Code   RO         2608    i.__mathlib_dbl_divzero  m_wm.l(dunder.o)
    0x08007b80   0x00000014   Code   RO         2609    i.__mathlib_dbl_infnan  m_wm.l(dunder.o)
    0x08007b94   0x00000014   Code   RO         2610    i.__mathlib_dbl_infnan2  m_wm.l(dunder.o)
    0x08007ba8   0x00000020   Code   RO         2611    i.__mathlib_dbl_invalid  m_wm.l(dunder.o)
    0x08007bc8   0x00000020   Code   RO         2612    i.__mathlib_dbl_overflow  m_wm.l(dunder.o)
    0x08007be8   0x00000020   Code   RO         2614    i.__mathlib_dbl_underflow  m_wm.l(dunder.o)
    0x08007c08   0x00000006   Code   RO         2336    i._sys_exit         usart_vs.o
    0x08007c0e   0x00000010   Code   RO         2593    i.atan              m_wm.l(atan.o)
    0x08007c1e   0x00000002   PAD
    0x08007c20   0x0000003c   Code   RO         2132    i.delay_init        delay.o
    0x08007c5c   0x00000038   Code   RO         2133    i.delay_ms          delay.o
    0x08007c94   0x0000004c   Code   RO         2134    i.delay_us          delay.o
    0x08007ce0   0x0000004c   Code   RO         2135    i.delay_xms         delay.o
    0x08007d2c   0x00000018   Code   RO         2533    i.fabs              m_wm.l(fabs.o)
    0x08007d44   0x0000018c   Code   RO            3    i.main              main.o
    0x08007ed0   0x0000006e   Code   RO         2565    i.sqrt              m_wm.l(sqrt.o)
    0x08007f3e   0x00000002   PAD
    0x08007f40   0x000000ac   Code   RO         2338    i.uart_init         usart_vs.o
    0x08007fec   0x000000ac   Code   RO         2233    i.uart_ser_init     usart.o
    0x08008098   0x00000018   Code   RO         2473    x$fpl$basic         fz_wm.l(basic.o)
    0x080080b0   0x00000150   Code   RO         2475    x$fpl$dadd          fz_wm.l(daddsub_clz.o)
    0x08008200   0x00000010   Code   RO         2658    x$fpl$dcheck1       fz_wm.l(dcheck1.o)
    0x08008210   0x00000018   Code   RO         2580    x$fpl$dcmpinf       fz_wm.l(dcmpi.o)
    0x08008228   0x000002b0   Code   RO         2482    x$fpl$ddiv          fz_wm.l(ddiv.o)
    0x080084d8   0x00000078   Code   RO         2485    x$fpl$deqf          fz_wm.l(deqf.o)
    0x08008550   0x0000005e   Code   RO         2487    x$fpl$dfix          fz_wm.l(dfix.o)
    0x080085ae   0x00000002   PAD
    0x080085b0   0x0000005a   Code   RO         2491    x$fpl$dfixu         fz_wm.l(dfixu.o)
    0x0800860a   0x0000002e   Code   RO         2496    x$fpl$dflt          fz_wm.l(dflt_clz.o)
    0x08008638   0x00000026   Code   RO         2495    x$fpl$dfltu         fz_wm.l(dflt_clz.o)
    0x0800865e   0x00000002   PAD
    0x08008660   0x00000078   Code   RO         2501    x$fpl$dleqf         fz_wm.l(dleqf.o)
    0x080086d8   0x00000154   Code   RO         2503    x$fpl$dmul          fz_wm.l(dmul.o)
    0x0800882c   0x0000009c   Code   RO         2582    x$fpl$dnaninf       fz_wm.l(dnaninf.o)
    0x080088c8   0x0000000c   Code   RO         2584    x$fpl$dretinf       fz_wm.l(dretinf.o)
    0x080088d4   0x0000006c   Code   RO         2505    x$fpl$drleqf        fz_wm.l(drleqf.o)
    0x08008940   0x00000016   Code   RO         2476    x$fpl$drsb          fz_wm.l(daddsub_clz.o)
    0x08008956   0x00000002   PAD
    0x08008958   0x00000198   Code   RO         2586    x$fpl$dsqrt         fz_wm.l(dsqrt_umaal.o)
    0x08008af0   0x000001d4   Code   RO         2477    x$fpl$dsub          fz_wm.l(daddsub_clz.o)
    0x08008cc4   0x0000000a   Code   RO         2733    x$fpl$fpinit        fz_wm.l(fpinit.o)
    0x08008cce   0x00000064   Code   RO         2673    x$fpl$retnan        fz_wm.l(retnan.o)
    0x08008d32   0x0000005c   Code   RO         2588    x$fpl$scalbn        fz_wm.l(scalbn.o)
    0x08008d8e   0x00000030   Code   RO         2722    x$fpl$trapveneer    fz_wm.l(trapv.o)
    0x08008dbe   0x00000000   Code   RO         2590    x$fpl$usenofp       fz_wm.l(usenofp.o)
    0x08008dbe   0x00000002   PAD
    0x08008dc0   0x00000300   Data   RO         2416    .constdata          mainsubf.o
    0x080090c0   0x00000088   Data   RO         2540    .constdata          m_wm.l(pow.o)
    0x08009148   0x00000098   Data   RO         2594    .constdata          m_wm.l(atan.o)
    0x080091e0   0x00000030   Data   RO         2606    .constdata          m_wm.l(cos_i.o)
    0x08009210   0x00000008   Data   RO         2626    .constdata          m_wm.l(qnan.o)
    0x08009218   0x000000c8   Data   RO         2629    .constdata          m_wm.l(rred.o)
    0x080092e0   0x00000028   Data   RO         2633    .constdata          m_wm.l(sin_i.o)
    0x08009308   0x00000020   Data   RO         2796    Region$$Table       anon$$obj.o


    Execution Region RW_IRAM1 (Base: 0x20000000, Size: 0x00000998, Max: 0x00020000, ABSOLUTE)

    Base Addr    Size         Type   Attr      Idx    E Section Name        Object

    0x20000000   0x0000000c   Data   RW            5    .data               main.o
    0x2000000c   0x00000010   Data   RW          691    .data               stm32f4xx_rcc.o
    0x2000001c   0x00000004   Data   RW         2136    .data               delay.o
    0x20000020   0x00000006   Data   RW         2235    .data               usart.o
    0x20000026   0x00000002   PAD
    0x20000028   0x00000006   Data   RW         2340    .data               usart_vs.o
    0x2000002e   0x00000002   PAD
    0x20000030   0x00000230   Zero   RW            4    .bss                main.o
    0x20000260   0x0000000a   Zero   RW         2234    .bss                usart.o
    0x2000026a   0x000000c8   Zero   RW         2339    .bss                usart_vs.o
    0x20000332   0x00000002   PAD
    0x20000334   0x00000060   Zero   RW         2661    .bss                c_w.l(libspace.o)
    0x20000394   0x00000004   PAD
    0x20000398   0x00000200   Zero   RW          278    HEAP                startup_stm32f40_41xxx.o
    0x20000598   0x00000400   Zero   RW          277    STACK               startup_stm32f40_41xxx.o


==============================================================================

Image component sizes


      Code (inc. data)   RO Data    RW Data    ZI Data      Debug   Object Name

       268         16          0          4          0       2347   delay.o
        64          4          0          0          0        503   led.o
       396         20          0         12        560      53807   main.o
     19556        542        768          0          0       9294   mainsubf.o
       180         24          0          0          0     231073   misc.o
       160         10          0          0          0        731   pwm.o
      1864         62          0          0          0       6243   servo.o
        64         26        392          0       1536        820   startup_stm32f40_41xxx.o
       222          0          0          0          0       2731   stm32f4xx_gpio.o
        26          0          0          0          0       3830   stm32f4xx_it.o
       328         36          0         16          0       4463   stm32f4xx_rcc.o
       362         38          0          0          0       4083   stm32f4xx_tim.o
       438          8          0          0          0       5185   stm32f4xx_usart.o
       340         32          0          0          0       1393   system_stm32f4xx.o
       244         20          0          6         10       3125   usart.o
       314         22          0          6        200       3664   usart_vs.o

    ----------------------------------------------------------------------
     24838        860       1192         48       2308     333292   Object Totals
         0          0         32          0          0          0   (incl. Generated)
        12          0          0          4          2          0   (incl. Padding)

    ----------------------------------------------------------------------

      Code (inc. data)   RO Data    RW Data    ZI Data      Debug   Library Member Name

         8          0          0          0          0         68   __main.o
         0          0          0          0          0          0   __rtentry.o
        12          0          0          0          0          0   __rtentry2.o
         6          0          0          0          0          0   __rtentry4.o
        52          8          0          0          0          0   __scatter.o
        26          0          0          0          0          0   __scatter_copy.o
        28          0          0          0          0          0   __scatter_zi.o
        22          0          0          0          0        100   _rserrno.o
        12          0          0          0          0         72   exit.o
         6          0          0          0          0        152   heapauxi.o
         2          0          0          0          0          0   libinit.o
         6          0          0          0          0          0   libinit2.o
         2          0          0          0          0          0   libshutdown.o
         2          0          0          0          0          0   libshutdown2.o
         8          4          0          0         96         68   libspace.o
         8          4          0          0          0         68   rt_errno_addr_intlibspace.o
       100          0          0          0          0         80   rt_memcpy_w.o
         2          0          0          0          0          0   rtexit.o
        10          0          0          0          0          0   rtexit2.o
        74          0          0          0          0         80   sys_stackheap_outer.o
         2          0          0          0          0         68   use_no_semi.o
         2          0          0          0          0         68   use_no_semi_2.o
        24          0          0          0          0        164   basic.o
       826         16          0          0          0        492   daddsub_clz.o
        16          4          0          0          0        116   dcheck1.o
        24          0          0          0          0        116   dcmpi.o
       688        140          0          0          0        256   ddiv.o
       120          4          0          0          0        140   deqf.o
        94          4          0          0          0        140   dfix.o
        90          4          0          0          0        140   dfixu.o
        84          0          0          0          0        232   dflt_clz.o
       120          4          0          0          0        140   dleqf.o
       340         12          0          0          0        152   dmul.o
       156          4          0          0          0        140   dnaninf.o
        12          0          0          0          0        116   dretinf.o
       108          0          0          0          0        128   drleqf.o
       408         56          0          0          0        168   dsqrt_umaal.o
        10          0          0          0          0        116   fpinit.o
       100          0          0          0          0        116   retnan.o
        92          0          0          0          0        116   scalbn.o
        48          0          0          0          0        116   trapv.o
         0          0          0          0          0          0   usenofp.o
       744        106        152          0          0        352   atan.o
       496         64          0          0          0        192   atan2.o
       200         20          0          0          0        164   cos.o
       368         46         48          0          0        200   cos_i.o
       184         44          0          0          0        744   dunder.o
        44          0          0          0          0        248   fabs.o
        48          0          0          0          0        124   fpclassify.o
       248          0          0          0          0        152   poly.o
      3128        302        136          0          0        356   pow.o
         0          0          8          0          0          0   qnan.o
      1080        142        200          0          0        188   rred.o
       200         20          0          0          0        164   sin.o
       304         24         40          0          0        208   sin_i.o
       232          0          0          0          0        296   sqrt.o

    ----------------------------------------------------------------------
     11058       1032        584          0        100       7316   Library Totals
        32          0          0          0          4          0   (incl. Padding)

    ----------------------------------------------------------------------

      Code (inc. data)   RO Data    RW Data    ZI Data      Debug   Library Name

       390         16          0          0         96        824   c_w.l
      3360        248          0          0          0       3104   fz_wm.l
      7276        768        584          0          0       3388   m_wm.l

    ----------------------------------------------------------------------
     11058       1032        584          0        100       7316   Library Totals

    ----------------------------------------------------------------------

==============================================================================


      Code (inc. data)   RO Data    RW Data    ZI Data      Debug   

     35896       1892       1776         48       2408     330696   Grand Totals
     35896       1892       1776         48       2408     330696   ELF Image Totals
     35896       1892       1776         48          0          0   ROM Totals

==============================================================================

    Total RO  Size (Code + RO Data)                37672 (  36.79kB)
    Total RW  Size (RW Data + ZI Data)              2456 (   2.40kB)
    Total ROM Size (Code + RO Data + RW Data)      37720 (  36.84kB)

==============================================================================

